#
# There is insufficient memory for the Java Runtime Environment to continue.
# Native memory allocation (malloc) failed to allocate 1048576 bytes. Error detail: AllocateHeap
# Possible reasons:
#   The system is out of physical RAM or swap space
#   This process is running with CompressedOops enabled, and the Java Heap may be blocking the growth of the native heap
# Possible solutions:
#   Reduce memory load on the system
#   Increase physical memory or swap space
#   Check if swap backing store is full
#   Decrease Java heap size (-Xmx/-Xms)
#   Decrease number of Java threads
#   Decrease Java thread stack sizes (-Xss)
#   Set larger code cache with -XX:ReservedCodeCacheSize=
#   JVM is running with Unscaled Compressed Oops mode in which the Java heap is
#     placed in the first 4GB address space. The Java Heap base address is the
#     maximum limit for the native heap growth. Please use -XX:HeapBaseMinAddress
#     to set the Java Heap base and to place the Java Heap above 4GB virtual address.
# This output file may be truncated or incomplete.
#
#  Out of Memory Error (allocation.cpp:44), pid=2408, tid=7484
#
# JRE version: OpenJDK Runtime Environment Temurin-21.0.10+7 (21.0.10+7) (build 21.0.10+7-LTS)
# Java VM: OpenJDK 64-Bit Server VM Temurin-21.0.10+7 (21.0.10+7-LTS, mixed mode, sharing, tiered, compressed oops, compressed class ptrs, parallel gc, windows-amd64)
# No core dump will be written. Minidumps are not enabled by default on client versions of Windows
#

---------------  S U M M A R Y ------------

Command Line: --add-modules=ALL-SYSTEM --add-opens=java.base/java.util=ALL-UNNAMED --add-opens=java.base/java.lang=ALL-UNNAMED --add-opens=java.base/sun.nio.fs=ALL-UNNAMED -Declipse.application=org.eclipse.jdt.ls.core.id1 -Dosgi.bundles.defaultStartLevel=4 -Declipse.product=org.eclipse.jdt.ls.core.product -Djava.import.generatesMetadataFilesAtProjectRoot=false -DDetectVMInstallationsJob.disabled=true -Dfile.encoding=utf8 -XX:+UseParallelGC -XX:GCTimeRatio=4 -XX:AdaptiveSizePolicyWeight=90 -Dsun.zip.disableMemoryMapping=true -Xmx2G -Xms100m -Xlog:disable -javaagent:c:\Users\Admin\.vscode\extensions\redhat.java-1.55.2026041708-win32-x64\lombok\lombok-1.18.39-4050.jar -XX:+HeapDumpOnOutOfMemoryError -XX:HeapDumpPath=c:\Users\Admin\AppData\Roaming\Code\User\workspaceStorage\c2f678083dd9bc98477215c45f3916eb\redhat.java -Daether.dependencyCollector.impl=bf -XX:+UnlockDiagnosticVMOptions -XX:+AllowArchivingWithJavaAgent -XX:+AutoCreateSharedArchive -XX:SharedArchiveFile=c:\Users\Admin\AppData\Roaming\Code\User\globalStorage\redhat.java\1.55.2026041708\jdtls.jsa c:\Users\Admin\.vscode\extensions\redhat.java-1.55.2026041708-win32-x64\server\plugins\org.eclipse.equinox.launcher_1.7.100.v20251111-0406.jar -configuration c:\Users\Admin\AppData\Roaming\Code\User\globalStorage\redhat.java\1.55.2026041708\config_win -data c:\Users\Admin\AppData\Roaming\Code\User\workspaceStorage\c2f678083dd9bc98477215c45f3916eb\redhat.java\jdt_ws --pipe=\\.\pipe\lsp-dd3d85bfaa4c9b4ce5c7052fe66cf876-sock

Host: Intel(R) Core(TM) i7-10510U CPU @ 1.80GHz, 8 cores, 7G,  Windows 10 , 64 bit Build 19041 (10.0.19041.5915)
Time: Thu Apr 23 01:27:21 2026 SE Asia Standard Time elapsed time: 20829.289513 seconds (0d 5h 47m 9s)

---------------  T H R E A D  ---------------

Current thread (0x000002a056759d10):  JavaThread "Attach Listener" daemon [_thread_in_vm, id=7484, stack(0x000000d5f4600000,0x000000d5f4700000) (1024K)]

Stack: [0x000000d5f4600000,0x000000d5f4700000]
Native frames: (J=compiled Java code, j=interpreted, Vv=VM code, C=native code)
V  [jvm.dll+0x6d7a39]
V  [jvm.dll+0x8b4b26]
V  [jvm.dll+0x8b70de]
V  [jvm.dll+0x8b77c3]
V  [jvm.dll+0x284346]
V  [jvm.dll+0xc1277]
V  [jvm.dll+0x6d82e9]
V  [jvm.dll+0x1334a6]
V  [jvm.dll+0x3f857e]
V  [jvm.dll+0x85f59d]
V  [jvm.dll+0x6d626d]
C  [ucrtbase.dll+0x21bb2]
C  [KERNEL32.DLL+0x17374]
C  [ntdll.dll+0x4cc91]


---------------  P R O C E S S  ---------------

Threads class SMR info:
_java_thread_list=0x000002a075725b00, length=34, elements={
0x000002a0567e0bc0, 0x000002a05674f400, 0x000002a0567519c0, 0x000002a056758da0,
0x000002a056759d10, 0x000002a05675af10, 0x000002a05675b970, 0x000002a05675c960,
0x000002a056778d80, 0x000002a06ebde510, 0x000002a06edaa430, 0x000002a07383b950,
0x000002a073a754e0, 0x000002a0738185e0, 0x000002a0736c4f80, 0x000002a073a05fd0,
0x000002a073c43e50, 0x000002a073981ae0, 0x000002a073c27860, 0x000002a073c264b0,
0x000002a073c24a70, 0x000002a0734542c0, 0x000002a073452880, 0x000002a0734535a0,
0x000002a073452f10, 0x000002a073456a20, 0x000002a073457740, 0x000002a073453c30,
0x000002a073454950, 0x000002a073451b60, 0x000002a0734521f0, 0x000002a073455d00,
0x000002a0734507b0, 0x000002a075b1b710
}

Java Threads: ( => current thread )
  0x000002a0567e0bc0 JavaThread "main"                              [_thread_blocked, id=16788, stack(0x000000d5f3e00000,0x000000d5f3f00000) (1024K)]
  0x000002a05674f400 JavaThread "Reference Handler"          daemon [_thread_blocked, id=4756, stack(0x000000d5f4300000,0x000000d5f4400000) (1024K)]
  0x000002a0567519c0 JavaThread "Finalizer"                  daemon [_thread_blocked, id=7876, stack(0x000000d5f4400000,0x000000d5f4500000) (1024K)]
  0x000002a056758da0 JavaThread "Signal Dispatcher"          daemon [_thread_blocked, id=8280, stack(0x000000d5f4500000,0x000000d5f4600000) (1024K)]
=>0x000002a056759d10 JavaThread "Attach Listener"            daemon [_thread_in_vm, id=7484, stack(0x000000d5f4600000,0x000000d5f4700000) (1024K)]
  0x000002a05675af10 JavaThread "Service Thread"             daemon [_thread_blocked, id=15188, stack(0x000000d5f4700000,0x000000d5f4800000) (1024K)]
  0x000002a05675b970 JavaThread "Monitor Deflation Thread"   daemon [_thread_blocked, id=12680, stack(0x000000d5f4800000,0x000000d5f4900000) (1024K)]
  0x000002a05675c960 JavaThread "C2 CompilerThread0"         daemon [_thread_blocked, id=2200, stack(0x000000d5f4900000,0x000000d5f4a00000) (1024K)]
  0x000002a056778d80 JavaThread "C1 CompilerThread0"         daemon [_thread_blocked, id=16056, stack(0x000000d5f4a00000,0x000000d5f4b00000) (1024K)]
  0x000002a06ebde510 JavaThread "Common-Cleaner"             daemon [_thread_blocked, id=14572, stack(0x000000d5f4b00000,0x000000d5f4c00000) (1024K)]
  0x000002a06edaa430 JavaThread "Notification Thread"        daemon [_thread_blocked, id=1940, stack(0x000000d5f4d00000,0x000000d5f4e00000) (1024K)]
  0x000002a07383b950 JavaThread "Active Thread: Equinox Container: 3deefbad-9d18-4b37-858c-fef90c8f1967"        [_thread_blocked, id=11808, stack(0x000000d5f5500000,0x000000d5f5600000) (1024K)]
  0x000002a073a754e0 JavaThread "Refresh Thread: Equinox Container: 3deefbad-9d18-4b37-858c-fef90c8f1967" daemon [_thread_blocked, id=10408, stack(0x000000d5f4c00000,0x000000d5f4d00000) (1024K)]
  0x000002a0738185e0 JavaThread "Framework Event Dispatcher: Equinox Container: 3deefbad-9d18-4b37-858c-fef90c8f1967" daemon [_thread_blocked, id=580, stack(0x000000d5f5600000,0x000000d5f5700000) (1024K)]
  0x000002a0736c4f80 JavaThread "Start Level: Equinox Container: 3deefbad-9d18-4b37-858c-fef90c8f1967" daemon [_thread_blocked, id=18920, stack(0x000000d5f5700000,0x000000d5f5800000) (1024K)]
  0x000002a073a05fd0 JavaThread "Bundle File Closer"         daemon [_thread_blocked, id=5696, stack(0x000000d5f5900000,0x000000d5f5a00000) (1024K)]
  0x000002a073c43e50 JavaThread "SCR Component Actor"        daemon [_thread_blocked, id=16280, stack(0x000000d5f5800000,0x000000d5f5900000) (1024K)]
  0x000002a073981ae0 JavaThread "Worker-JM"                         [_thread_blocked, id=17784, stack(0x000000d5f5b00000,0x000000d5f5c00000) (1024K)]
  0x000002a073c27860 JavaThread "JNA Cleaner"                daemon [_thread_blocked, id=17156, stack(0x000000d5f5c00000,0x000000d5f5d00000) (1024K)]
  0x000002a073c264b0 JavaThread "Worker-0"                          [_thread_blocked, id=20144, stack(0x000000d5f5d00000,0x000000d5f5e00000) (1024K)]
  0x000002a073c24a70 JavaThread "Java indexing"              daemon [_thread_blocked, id=19172, stack(0x000000d5f6000000,0x000000d5f6100000) (1024K)]
  0x000002a0734542c0 JavaThread "Thread-1"                   daemon [_thread_in_native, id=14380, stack(0x000000d5f6500000,0x000000d5f6600000) (1024K)]
  0x000002a073452880 JavaThread "Thread-2"                   daemon [_thread_in_native, id=6868, stack(0x000000d5f6600000,0x000000d5f6700000) (1024K)]
  0x000002a0734535a0 JavaThread "Thread-3"                   daemon [_thread_in_native, id=10628, stack(0x000000d5f6700000,0x000000d5f6800000) (1024K)]
  0x000002a073452f10 JavaThread "Thread-4"                   daemon [_thread_in_native, id=2412, stack(0x000000d5f6800000,0x000000d5f6900000) (1024K)]
  0x000002a073456a20 JavaThread "Thread-5"                   daemon [_thread_in_native, id=11804, stack(0x000000d5f6900000,0x000000d5f6a00000) (1024K)]
  0x000002a073457740 JavaThread "Thread-6"                   daemon [_thread_in_native, id=1044, stack(0x000000d5f6a00000,0x000000d5f6b00000) (1024K)]
  0x000002a073453c30 JavaThread "Thread-7"                   daemon [_thread_in_native, id=19888, stack(0x000000d5f6b00000,0x000000d5f6c00000) (1024K)]
  0x000002a073454950 JavaThread "Thread-8"                   daemon [_thread_in_native, id=16524, stack(0x000000d5f6c00000,0x000000d5f6d00000) (1024K)]
  0x000002a073451b60 JavaThread "Thread-9"                   daemon [_thread_in_native, id=20628, stack(0x000000d5f6d00000,0x000000d5f6e00000) (1024K)]
  0x000002a0734521f0 JavaThread "pool-2-thread-1"                   [_thread_blocked, id=6068, stack(0x000000d5f6f00000,0x000000d5f7000000) (1024K)]
  0x000002a073455d00 JavaThread "WorkspaceEventsHandler"            [_thread_blocked, id=11176, stack(0x000000d5f7000000,0x000000d5f7100000) (1024K)]
  0x000002a0734507b0 JavaThread "pool-1-thread-1"                   [_thread_blocked, id=22096, stack(0x000000d5f7100000,0x000000d5f7200000) (1024K)]
  0x000002a075b1b710 JavaThread "Worker-6"                          [_thread_blocked, id=23220, stack(0x000000d5f3d00000,0x000000d5f3e00000) (1024K)]
Total: 34

Other Threads:
  0x000002a0568a2e70 VMThread "VM Thread"                           [id=13552, stack(0x000000d5f4100000,0x000000d5f4200000) (1024K)]
  0x000002a05667caf0 WatcherThread "VM Periodic Task Thread"        [id=20084, stack(0x000000d5f4000000,0x000000d5f4100000) (1024K)]
  0x000002a0567fdd70 WorkerThread "GC Thread#0"                     [id=12468, stack(0x000000d5f3f00000,0x000000d5f4000000) (1024K)]
  0x000002a07347f0e0 WorkerThread "GC Thread#1"                     [id=20112, stack(0x000000d5f4f00000,0x000000d5f5000000) (1024K)]
  0x000002a07347f490 WorkerThread "GC Thread#2"                     [id=21160, stack(0x000000d5f5000000,0x000000d5f5100000) (1024K)]
  0x000002a07347f840 WorkerThread "GC Thread#3"                     [id=9936, stack(0x000000d5f5100000,0x000000d5f5200000) (1024K)]
  0x000002a07347fbf0 WorkerThread "GC Thread#4"                     [id=12892, stack(0x000000d5f5200000,0x000000d5f5300000) (1024K)]
  0x000002a07347ffa0 WorkerThread "GC Thread#5"                     [id=7800, stack(0x000000d5f5300000,0x000000d5f5400000) (1024K)]
  0x000002a07332fbf0 WorkerThread "GC Thread#6"                     [id=14112, stack(0x000000d5f5400000,0x000000d5f5500000) (1024K)]
  0x000002a0736b02f0 WorkerThread "GC Thread#7"                     [id=21616, stack(0x000000d5f4e00000,0x000000d5f4f00000) (1024K)]
Total: 10

Threads with active compile tasks:
Total: 0

VM state: not at safepoint (normal execution)

VM Mutex/Monitor currently owned by a thread: None

Heap address: 0x0000000080000000, size: 2048 MB, Compressed Oops mode: 32-bit

CDS archive(s) mapped at: [0x000002a000000000-0x000002a000ba0000-0x000002a005920000), size 93454336, SharedBaseAddress: 0x000002a000000000, ArchiveRelocationMode: 1.
Compressed class space mapped at: 0x000002a006000000-0x000002a046000000, reserved size: 1073741824
Narrow klass base: 0x000002a000000000, Narrow klass shift: 0, Narrow klass range: 0x100000000

GC Precious Log:
 CardTable entry size: 512
 CPUs: 8 total, 8 available
 Memory: 8039M
 Large Page Support: Disabled
 NUMA Support: Disabled
 Compressed Oops: Enabled (32-bit)
 Alignments: Space 512K, Generation 512K, Heap 2M
 Heap Min Capacity: 100M
 Heap Initial Capacity: 100M
 Heap Max Capacity: 2G
 Pre-touch: Disabled
 Parallel Workers: 8

Heap:
 PSYoungGen      total 14848K, used 7355K [0x00000000d5580000, 0x00000000d6600000, 0x0000000100000000)
  eden space 13824K, 49% used [0x00000000d5580000,0x00000000d5c1ef80,0x00000000d6300000)
  from space 1024K, 56% used [0x00000000d6400000,0x00000000d6490000,0x00000000d6500000)
  to   space 1024K, 0% used [0x00000000d6500000,0x00000000d6500000,0x00000000d6600000)
 ParOldGen       total 515584K, used 513519K [0x0000000080000000, 0x000000009f780000, 0x00000000d5580000)
  object space 515584K, 99% used [0x0000000080000000,0x000000009f57bca0,0x000000009f780000)
 Metaspace       used 31336K, committed 32576K, reserved 1114112K
  class space    used 2761K, committed 3264K, reserved 1048576K

Card table byte_map: [0x000002a056190000,0x000002a0565a0000] _byte_map_base: 0x000002a055d90000

Marking Bits: (ParMarkBitMap*) 0x00007ffe97de3450
 Begin Bits: [0x000002a068ca0000, 0x000002a06aca0000)
 End Bits:   [0x000002a06aca0000, 0x000002a06cca0000)

Polling page: 0x000002a054580000

Metaspace:

Usage:
  Non-class:     27.91 MB used.
      Class:      2.70 MB used.
       Both:     30.60 MB used.

Virtual space:
  Non-class space:       64.00 MB reserved,      28.62 MB ( 45%) committed,  1 nodes.
      Class space:        1.00 GB reserved,       3.19 MB ( <1%) committed,  1 nodes.
             Both:        1.06 GB reserved,      31.81 MB (  3%) committed. 

Chunk freelists:
   Non-Class:  2.77 MB
       Class:  12.81 MB
        Both:  15.58 MB

MaxMetaspaceSize: unlimited
CompressedClassSpaceSize: 1.00 GB
Initial GC threshold: 21.00 MB
Current GC threshold: 35.00 MB
CDS: on
 - commit_granule_bytes: 65536.
 - commit_granule_words: 8192.
 - virtual_space_node_default_size: 8388608.
 - enlarge_chunks_in_place: 1.
 - use_allocation_guard: 0.


Internal statistics:

num_allocs_failed_limit: 3.
num_arena_births: 1004.
num_arena_deaths: 8.
num_vsnodes_births: 2.
num_vsnodes_deaths: 0.
num_space_committed: 509.
num_space_uncommitted: 0.
num_chunks_returned_to_freelist: 11.
num_chunks_taken_from_freelist: 2707.
num_chunk_merges: 7.
num_chunk_splits: 1600.
num_chunks_enlarged: 826.
num_inconsistent_stats: 0.

CodeHeap 'non-profiled nmethods': size=120000Kb used=14570Kb max_used=14570Kb free=105429Kb
 bounds [0x000002a0614c0000, 0x000002a062300000, 0x000002a0689f0000]
CodeHeap 'profiled nmethods': size=120000Kb used=40576Kb max_used=40576Kb free=79423Kb
 bounds [0x000002a0599f0000, 0x000002a05c1a0000, 0x000002a060f20000]
CodeHeap 'non-nmethods': size=5760Kb used=1484Kb max_used=1618Kb free=4275Kb
 bounds [0x000002a060f20000, 0x000002a061190000, 0x000002a0614c0000]
CodeCache: size=245760Kb, used=56630Kb, max_used=56764Kb, free=189127Kb
 total_blobs=18267, nmethods=17463, adapters=708, full_count=0
Compilation: enabled, stopped_count=0, restarted_count=0

Compilation events (20 events):
Event: 13815.070 Thread 0x000002a056778d80 17504       3       java.lang.invoke.Invokers$Holder::linkToTargetMethod (13 bytes)
Event: 13815.072 Thread 0x000002a056778d80 nmethod 17504 0x000002a05c18c210 code [0x000002a05c18c3e0, 0x000002a05c18c830]
Event: 13815.073 Thread 0x000002a056778d80 17505       3       java.lang.invoke.DirectMethodHandle$Holder::newInvokeSpecial (30 bytes)
Event: 13815.091 Thread 0x000002a056778d80 nmethod 17505 0x000002a05c18c910 code [0x000002a05c18cb00, 0x000002a05c18d298]
Event: 14715.154 Thread 0x000002a056778d80 17506       3       java.util.concurrent.ConcurrentLinkedQueue$Node::<init> (5 bytes)
Event: 14715.160 Thread 0x000002a056778d80 nmethod 17506 0x000002a05c18d490 code [0x000002a05c18d640, 0x000002a05c18d7a8]
Event: 14898.396 Thread 0x000002a056778d80 17507   !   3       jdk.internal.ref.PhantomCleanable::isListEmpty (34 bytes)
Event: 14898.400 Thread 0x000002a056778d80 nmethod 17507 0x000002a05c18d890 code [0x000002a05c18da40, 0x000002a05c18dc98]
Event: 14898.400 Thread 0x000002a056778d80 17508       3       jdk.internal.misc.InnocuousThread::eraseThreadLocals (23 bytes)
Event: 14898.405 Thread 0x000002a056778d80 nmethod 17508 0x000002a05c18dd90 code [0x000002a05c18df20, 0x000002a05c18e088]
Event: 15615.239 Thread 0x000002a056778d80 17509       3       java.util.concurrent.ConcurrentLinkedQueue::<init> (21 bytes)
Event: 15615.255 Thread 0x000002a056778d80 nmethod 17509 0x000002a05c18e110 code [0x000002a05c18e2e0, 0x000002a05c18e658]
Event: 17415.329 Thread 0x000002a056778d80 17510       3       org.eclipse.core.internal.jobs.ThreadJob::push (123 bytes)
Event: 17415.387 Thread 0x000002a056778d80 nmethod 17510 0x000002a05c18e810 code [0x000002a05c18ea60, 0x000002a05c18f568]
Event: 18315.343 Thread 0x000002a05675c960 17511       4       java.util.HashMap$Node::setValue (12 bytes)
Event: 18315.347 Thread 0x000002a05675c960 nmethod 17511 0x000002a0622fa390 code [0x000002a0622fa520, 0x000002a0622fa5c8]
Event: 18753.166 Thread 0x000002a05675c960 17512       4       java.util.concurrent.ScheduledThreadPoolExecutor$ScheduledFutureTask::getDelay (16 bytes)
Event: 18753.197 Thread 0x000002a05675c960 nmethod 17512 0x000002a0622fa690 code [0x000002a0622fa840, 0x000002a0622fa9d8]
Event: 20115.465 Thread 0x000002a056778d80 17513       3       org.eclipse.core.internal.resources.MarkerSet::shareStrings (57 bytes)
Event: 20115.474 Thread 0x000002a056778d80 nmethod 17513 0x000002a05c18f810 code [0x000002a05c18f9e0, 0x000002a05c18ff50]

GC Heap History (20 events):
Event: 3328.492 GC heap before
{Heap before GC invocations=745 (full 1):
 PSYoungGen      total 15872K, used 15520K [0x00000000d5580000, 0x00000000d6700000, 0x0000000100000000)
  eden space 13824K, 100% used [0x00000000d5580000,0x00000000d6300000,0x00000000d6300000)
  from space 2048K, 82% used [0x00000000d6300000,0x00000000d64a8000,0x00000000d6500000)
  to   space 2048K, 0% used [0x00000000d6500000,0x00000000d6500000,0x00000000d6700000)
 ParOldGen       total 448000K, used 443847K [0x0000000080000000, 0x000000009b580000, 0x00000000d5580000)
  object space 448000K, 99% used [0x0000000080000000,0x000000009b171f30,0x000000009b580000)
 Metaspace       used 30281K, committed 31552K, reserved 1114112K
  class space    used 2655K, committed 3200K, reserved 1048576K
}
Event: 3328.501 GC heap after
{Heap after GC invocations=745 (full 1):
 PSYoungGen      total 15360K, used 1408K [0x00000000d5580000, 0x00000000d6680000, 0x0000000100000000)
  eden space 13824K, 0% used [0x00000000d5580000,0x00000000d5580000,0x00000000d6300000)
  from space 1536K, 91% used [0x00000000d6500000,0x00000000d6660000,0x00000000d6680000)
  to   space 1536K, 0% used [0x00000000d6380000,0x00000000d6380000,0x00000000d6500000)
 ParOldGen       total 448000K, used 445405K [0x0000000080000000, 0x000000009b580000, 0x00000000d5580000)
  object space 448000K, 99% used [0x0000000080000000,0x000000009b2f7700,0x000000009b580000)
 Metaspace       used 30281K, committed 31552K, reserved 1114112K
  class space    used 2655K, committed 3200K, reserved 1048576K
}
Event: 3328.640 GC heap before
{Heap before GC invocations=746 (full 1):
 PSYoungGen      total 15360K, used 15232K [0x00000000d5580000, 0x00000000d6680000, 0x0000000100000000)
  eden space 13824K, 100% used [0x00000000d5580000,0x00000000d6300000,0x00000000d6300000)
  from space 1536K, 91% used [0x00000000d6500000,0x00000000d6660000,0x00000000d6680000)
  to   space 1536K, 0% used [0x00000000d6380000,0x00000000d6380000,0x00000000d6500000)
 ParOldGen       total 448000K, used 445405K [0x0000000080000000, 0x000000009b580000, 0x00000000d5580000)
  object space 448000K, 99% used [0x0000000080000000,0x000000009b2f7700,0x000000009b580000)
 Metaspace       used 30382K, committed 31680K, reserved 1114112K
  class space    used 2669K, committed 3200K, reserved 1048576K
}
Event: 3328.646 GC heap after
{Heap after GC invocations=746 (full 1):
 PSYoungGen      total 14848K, used 864K [0x00000000d5580000, 0x00000000d6600000, 0x0000000100000000)
  eden space 13824K, 0% used [0x00000000d5580000,0x00000000d5580000,0x00000000d6300000)
  from space 1024K, 84% used [0x00000000d6380000,0x00000000d6458020,0x00000000d6480000)
  to   space 1536K, 0% used [0x00000000d6480000,0x00000000d6480000,0x00000000d6600000)
 ParOldGen       total 448000K, used 446357K [0x0000000080000000, 0x000000009b580000, 0x00000000d5580000)
  object space 448000K, 99% used [0x0000000080000000,0x000000009b3e5700,0x000000009b580000)
 Metaspace       used 30382K, committed 31680K, reserved 1114112K
  class space    used 2669K, committed 3200K, reserved 1048576K
}
Event: 3329.927 GC heap before
{Heap before GC invocations=747 (full 1):
 PSYoungGen      total 14848K, used 14688K [0x00000000d5580000, 0x00000000d6600000, 0x0000000100000000)
  eden space 13824K, 100% used [0x00000000d5580000,0x00000000d6300000,0x00000000d6300000)
  from space 1024K, 84% used [0x00000000d6380000,0x00000000d6458020,0x00000000d6480000)
  to   space 1536K, 0% used [0x00000000d6480000,0x00000000d6480000,0x00000000d6600000)
 ParOldGen       total 448000K, used 446357K [0x0000000080000000, 0x000000009b580000, 0x00000000d5580000)
  object space 448000K, 99% used [0x0000000080000000,0x000000009b3e5700,0x000000009b580000)
 Metaspace       used 30442K, committed 31680K, reserved 1114112K
  class space    used 2680K, committed 3200K, reserved 1048576K
}
Event: 3329.933 GC heap after
{Heap after GC invocations=747 (full 1):
 PSYoungGen      total 15360K, used 1312K [0x00000000d5580000, 0x00000000d6600000, 0x0000000100000000)
  eden space 13824K, 0% used [0x00000000d5580000,0x00000000d5580000,0x00000000d6300000)
  from space 1536K, 85% used [0x00000000d6480000,0x00000000d65c8000,0x00000000d6600000)
  to   space 1536K, 0% used [0x00000000d6300000,0x00000000d6300000,0x00000000d6480000)
 ParOldGen       total 448000K, used 447075K [0x0000000080000000, 0x000000009b580000, 0x00000000d5580000)
  object space 448000K, 99% used [0x0000000080000000,0x000000009b498ed0,0x000000009b580000)
 Metaspace       used 30442K, committed 31680K, reserved 1114112K
  class space    used 2680K, committed 3200K, reserved 1048576K
}
Event: 3330.687 GC heap before
{Heap before GC invocations=748 (full 1):
 PSYoungGen      total 15360K, used 15124K [0x00000000d5580000, 0x00000000d6600000, 0x0000000100000000)
  eden space 13824K, 99% used [0x00000000d5580000,0x00000000d62fd2c0,0x00000000d6300000)
  from space 1536K, 85% used [0x00000000d6480000,0x00000000d65c8000,0x00000000d6600000)
  to   space 1536K, 0% used [0x00000000d6300000,0x00000000d6300000,0x00000000d6480000)
 ParOldGen       total 448000K, used 447075K [0x0000000080000000, 0x000000009b580000, 0x00000000d5580000)
  object space 448000K, 99% used [0x0000000080000000,0x000000009b498ed0,0x000000009b580000)
 Metaspace       used 30763K, committed 32000K, reserved 1114112K
  class space    used 2713K, committed 3200K, reserved 1048576K
}
Event: 3330.692 GC heap after
{Heap after GC invocations=748 (full 1):
 PSYoungGen      total 15360K, used 1305K [0x00000000d5580000, 0x00000000d6600000, 0x0000000100000000)
  eden space 13824K, 0% used [0x00000000d5580000,0x00000000d5580000,0x00000000d6300000)
  from space 1536K, 85% used [0x00000000d6300000,0x00000000d64466f0,0x00000000d6480000)
  to   space 1536K, 0% used [0x00000000d6480000,0x00000000d6480000,0x00000000d6600000)
 ParOldGen       total 448000K, used 447995K [0x0000000080000000, 0x000000009b580000, 0x00000000d5580000)
  object space 448000K, 99% used [0x0000000080000000,0x000000009b57eed0,0x000000009b580000)
 Metaspace       used 30763K, committed 32000K, reserved 1114112K
  class space    used 2713K, committed 3200K, reserved 1048576K
}
Event: 3330.893 GC heap before
{Heap before GC invocations=749 (full 1):
 PSYoungGen      total 15360K, used 15129K [0x00000000d5580000, 0x00000000d6600000, 0x0000000100000000)
  eden space 13824K, 100% used [0x00000000d5580000,0x00000000d6300000,0x00000000d6300000)
  from space 1536K, 85% used [0x00000000d6300000,0x00000000d64466f0,0x00000000d6480000)
  to   space 1536K, 0% used [0x00000000d6480000,0x00000000d6480000,0x00000000d6600000)
 ParOldGen       total 448000K, used 447995K [0x0000000080000000, 0x000000009b580000, 0x00000000d5580000)
  object space 448000K, 99% used [0x0000000080000000,0x000000009b57eed0,0x000000009b580000)
 Metaspace       used 30775K, committed 32000K, reserved 1114112K
  class space    used 2713K, committed 3200K, reserved 1048576K
}
Event: 3330.896 GC heap after
{Heap after GC invocations=749 (full 1):
 PSYoungGen      total 15360K, used 1120K [0x00000000d5580000, 0x00000000d6600000, 0x0000000100000000)
  eden space 13824K, 0% used [0x00000000d5580000,0x00000000d5580000,0x00000000d6300000)
  from space 1536K, 72% used [0x00000000d6480000,0x00000000d6598000,0x00000000d6600000)
  to   space 1536K, 0% used [0x00000000d6300000,0x00000000d6300000,0x00000000d6480000)
 ParOldGen       total 449536K, used 449168K [0x0000000080000000, 0x000000009b700000, 0x00000000d5580000)
  object space 449536K, 99% used [0x0000000080000000,0x000000009b6a4198,0x000000009b700000)
 Metaspace       used 30775K, committed 32000K, reserved 1114112K
  class space    used 2713K, committed 3200K, reserved 1048576K
}
Event: 3331.164 GC heap before
{Heap before GC invocations=750 (full 1):
 PSYoungGen      total 15360K, used 14944K [0x00000000d5580000, 0x00000000d6600000, 0x0000000100000000)
  eden space 13824K, 100% used [0x00000000d5580000,0x00000000d6300000,0x00000000d6300000)
  from space 1536K, 72% used [0x00000000d6480000,0x00000000d6598000,0x00000000d6600000)
  to   space 1536K, 0% used [0x00000000d6300000,0x00000000d6300000,0x00000000d6480000)
 ParOldGen       total 449536K, used 449168K [0x0000000080000000, 0x000000009b700000, 0x00000000d5580000)
  object space 449536K, 99% used [0x0000000080000000,0x000000009b6a4198,0x000000009b700000)
 Metaspace       used 30785K, committed 32000K, reserved 1114112K
  class space    used 2713K, committed 3200K, reserved 1048576K
}
Event: 3331.167 GC heap after
{Heap after GC invocations=750 (full 1):
 PSYoungGen      total 15360K, used 1536K [0x00000000d5580000, 0x00000000d6800000, 0x0000000100000000)
  eden space 13824K, 0% used [0x00000000d5580000,0x00000000d5580000,0x00000000d6300000)
  from space 1536K, 100% used [0x00000000d6300000,0x00000000d6480000,0x00000000d6480000)
  to   space 2560K, 0% used [0x00000000d6580000,0x00000000d6580000,0x00000000d6800000)
 ParOldGen       total 450048K, used 449776K [0x0000000080000000, 0x000000009b780000, 0x00000000d5580000)
  object space 450048K, 99% used [0x0000000080000000,0x000000009b73c198,0x000000009b780000)
 Metaspace       used 30785K, committed 32000K, reserved 1114112K
  class space    used 2713K, committed 3200K, reserved 1048576K
}
Event: 3331.320 GC heap before
{Heap before GC invocations=751 (full 1):
 PSYoungGen      total 15360K, used 15360K [0x00000000d5580000, 0x00000000d6800000, 0x0000000100000000)
  eden space 13824K, 100% used [0x00000000d5580000,0x00000000d6300000,0x00000000d6300000)
  from space 1536K, 100% used [0x00000000d6300000,0x00000000d6480000,0x00000000d6480000)
  to   space 2560K, 0% used [0x00000000d6580000,0x00000000d6580000,0x00000000d6800000)
 ParOldGen       total 450048K, used 449776K [0x0000000080000000, 0x000000009b780000, 0x00000000d5580000)
  object space 450048K, 99% used [0x0000000080000000,0x000000009b73c198,0x000000009b780000)
 Metaspace       used 30790K, committed 32000K, reserved 1114112K
  class space    used 2713K, committed 3200K, reserved 1048576K
}
Event: 3331.321 GC heap after
{Heap after GC invocations=751 (full 1):
 PSYoungGen      total 14848K, used 992K [0x00000000d5580000, 0x00000000d6680000, 0x0000000100000000)
  eden space 13824K, 0% used [0x00000000d5580000,0x00000000d5580000,0x00000000d6300000)
  from space 1024K, 96% used [0x00000000d6580000,0x00000000d6678000,0x00000000d6680000)
  to   space 1536K, 0% used [0x00000000d6380000,0x00000000d6380000,0x00000000d6500000)
 ParOldGen       total 451072K, used 450632K [0x0000000080000000, 0x000000009b880000, 0x00000000d5580000)
  object space 451072K, 99% used [0x0000000080000000,0x000000009b812198,0x000000009b880000)
 Metaspace       used 30790K, committed 32000K, reserved 1114112K
  class space    used 2713K, committed 3200K, reserved 1048576K
}
Event: 3332.986 GC heap before
{Heap before GC invocations=752 (full 1):
 PSYoungGen      total 14848K, used 14789K [0x00000000d5580000, 0x00000000d6680000, 0x0000000100000000)
  eden space 13824K, 99% used [0x00000000d5580000,0x00000000d62f9558,0x00000000d6300000)
  from space 1024K, 96% used [0x00000000d6580000,0x00000000d6678000,0x00000000d6680000)
  to   space 1536K, 0% used [0x00000000d6380000,0x00000000d6380000,0x00000000d6500000)
 ParOldGen       total 451072K, used 450632K [0x0000000080000000, 0x000000009b880000, 0x00000000d5580000)
  object space 451072K, 99% used [0x0000000080000000,0x000000009b812198,0x000000009b880000)
 Metaspace       used 30864K, committed 32128K, reserved 1114112K
  class space    used 2723K, committed 3264K, reserved 1048576K
}
Event: 3332.988 GC heap after
{Heap after GC invocations=752 (full 1):
 PSYoungGen      total 15360K, used 1512K [0x00000000d5580000, 0x00000000d6800000, 0x0000000100000000)
  eden space 13824K, 0% used [0x00000000d5580000,0x00000000d5580000,0x00000000d6300000)
  from space 1536K, 98% used [0x00000000d6380000,0x00000000d64fa108,0x00000000d6500000)
  to   space 2560K, 0% used [0x00000000d6580000,0x00000000d6580000,0x00000000d6800000)
 ParOldGen       total 451584K, used 451303K [0x0000000080000000, 0x000000009b900000, 0x00000000d5580000)
  object space 451584K, 99% used [0x0000000080000000,0x000000009b8b9c30,0x000000009b900000)
 Metaspace       used 30864K, committed 32128K, reserved 1114112K
  class space    used 2723K, committed 3264K, reserved 1048576K
}
Event: 3337.086 GC heap before
{Heap before GC invocations=753 (full 1):
 PSYoungGen      total 15360K, used 15237K [0x00000000d5580000, 0x00000000d6800000, 0x0000000100000000)
  eden space 13824K, 99% used [0x00000000d5580000,0x00000000d62e7470,0x00000000d6300000)
  from space 1536K, 98% used [0x00000000d6380000,0x00000000d64fa108,0x00000000d6500000)
  to   space 2560K, 0% used [0x00000000d6580000,0x00000000d6580000,0x00000000d6800000)
 ParOldGen       total 451584K, used 451303K [0x0000000080000000, 0x000000009b900000, 0x00000000d5580000)
  object space 451584K, 99% used [0x0000000080000000,0x000000009b8b9c30,0x000000009b900000)
 Metaspace       used 30875K, committed 32128K, reserved 1114112K
  class space    used 2725K, committed 3264K, reserved 1048576K
}
Event: 3337.089 GC heap after
{Heap after GC invocations=753 (full 1):
 PSYoungGen      total 14336K, used 224K [0x00000000d5580000, 0x00000000d6600000, 0x0000000100000000)
  eden space 13824K, 0% used [0x00000000d5580000,0x00000000d5580000,0x00000000d6300000)
  from space 512K, 43% used [0x00000000d6580000,0x00000000d65b8000,0x00000000d6600000)
  to   space 1024K, 0% used [0x00000000d6400000,0x00000000d6400000,0x00000000d6500000)
 ParOldGen       total 452096K, used 451991K [0x0000000080000000, 0x000000009b980000, 0x00000000d5580000)
  object space 452096K, 99% used [0x0000000080000000,0x000000009b965c40,0x000000009b980000)
 Metaspace       used 30875K, committed 32128K, reserved 1114112K
  class space    used 2725K, committed 3264K, reserved 1048576K
}
Event: 3338.456 GC heap before
{Heap before GC invocations=754 (full 1):
 PSYoungGen      total 14336K, used 14048K [0x00000000d5580000, 0x00000000d6600000, 0x0000000100000000)
  eden space 13824K, 100% used [0x00000000d5580000,0x00000000d6300000,0x00000000d6300000)
  from space 512K, 43% used [0x00000000d6580000,0x00000000d65b8000,0x00000000d6600000)
  to   space 1024K, 0% used [0x00000000d6400000,0x00000000d6400000,0x00000000d6500000)
 ParOldGen       total 515584K, used 513431K [0x0000000080000000, 0x000000009f780000, 0x00000000d5580000)
  object space 515584K, 99% used [0x0000000080000000,0x000000009f565ca0,0x000000009f780000)
 Metaspace       used 31262K, committed 32512K, reserved 1114112K
  class space    used 2761K, committed 3264K, reserved 1048576K
}
Event: 3338.458 GC heap after
{Heap after GC invocations=754 (full 1):
 PSYoungGen      total 14848K, used 576K [0x00000000d5580000, 0x00000000d6600000, 0x0000000100000000)
  eden space 13824K, 0% used [0x00000000d5580000,0x00000000d5580000,0x00000000d6300000)
  from space 1024K, 56% used [0x00000000d6400000,0x00000000d6490000,0x00000000d6500000)
  to   space 1024K, 0% used [0x00000000d6500000,0x00000000d6500000,0x00000000d6600000)
 ParOldGen       total 515584K, used 513519K [0x0000000080000000, 0x000000009f780000, 0x00000000d5580000)
  object space 515584K, 99% used [0x0000000080000000,0x000000009f57bca0,0x000000009f780000)
 Metaspace       used 31262K, committed 32512K, reserved 1114112K
  class space    used 2761K, committed 3264K, reserved 1048576K
}

Dll operation events (12 events):
Event: 0.027 Loaded shared library c:\Users\Admin\.vscode\extensions\redhat.java-1.55.2026041708-win32-x64\jre\21.0.10-win32-x86_64\bin\java.dll
Event: 0.366 Loaded shared library c:\Users\Admin\.vscode\extensions\redhat.java-1.55.2026041708-win32-x64\jre\21.0.10-win32-x86_64\bin\zip.dll
Event: 0.370 Loaded shared library C:\Users\Admin\.vscode\extensions\redhat.java-1.55.2026041708-win32-x64\jre\21.0.10-win32-x86_64\bin\instrument.dll
Event: 0.376 Loaded shared library C:\Users\Admin\.vscode\extensions\redhat.java-1.55.2026041708-win32-x64\jre\21.0.10-win32-x86_64\bin\net.dll
Event: 0.379 Loaded shared library C:\Users\Admin\.vscode\extensions\redhat.java-1.55.2026041708-win32-x64\jre\21.0.10-win32-x86_64\bin\nio.dll
Event: 0.382 Loaded shared library C:\Users\Admin\.vscode\extensions\redhat.java-1.55.2026041708-win32-x64\jre\21.0.10-win32-x86_64\bin\zip.dll
Event: 0.412 Loaded shared library C:\Users\Admin\.vscode\extensions\redhat.java-1.55.2026041708-win32-x64\jre\21.0.10-win32-x86_64\bin\jimage.dll
Event: 0.540 Loaded shared library c:\Users\Admin\.vscode\extensions\redhat.java-1.55.2026041708-win32-x64\jre\21.0.10-win32-x86_64\bin\verify.dll
Event: 4.427 Loaded shared library C:\Users\Admin\AppData\Roaming\Code\User\globalStorage\redhat.java\1.55.2026041708\config_win\org.eclipse.equinox.launcher\org.eclipse.equinox.launcher.win32.win32.x86_64_1.3.0.v20260203-2149\eclipse_11919.dll
Event: 14.153 Loaded shared library C:\Users\Admin\AppData\Local\Temp\jna-63116079\jna10147083411456633607.dll
Event: 16.384 Loaded shared library C:\Users\Admin\.vscode\extensions\redhat.java-1.55.2026041708-win32-x64\jre\21.0.10-win32-x86_64\bin\sunmscapi.dll
Event: 16.649 Loaded shared library C:\Users\Admin\.vscode\extensions\redhat.java-1.55.2026041708-win32-x64\jre\21.0.10-win32-x86_64\bin\extnet.dll

Deoptimization events (20 events):
Event: 3337.261 Thread 0x000002a073c264b0 DEOPT PACKING pc=0x000002a062268754 sp=0x000000d5f5dfc690
Event: 3337.261 Thread 0x000002a073c264b0 DEOPT UNPACKING pc=0x000002a060f73aa2 sp=0x000000d5f5dfc620 mode 2
Event: 3337.264 Thread 0x000002a073c264b0 Uncommon trap: trap_request=0xffffffbe fr.pc=0x000002a062268754 relative=0x0000000000000374
Event: 3337.264 Thread 0x000002a073c264b0 Uncommon trap: reason=profile_predicate action=maybe_recompile pc=0x000002a062268754 method=com.google.inject.internal.aop.ImmutableStringTrie.nextPivotColumn([Ljava/lang/String;III)I @ 21 c2
Event: 3337.264 Thread 0x000002a073c264b0 DEOPT PACKING pc=0x000002a062268754 sp=0x000000d5f5dfc250
Event: 3337.264 Thread 0x000002a073c264b0 DEOPT UNPACKING pc=0x000002a060f73aa2 sp=0x000000d5f5dfc1e0 mode 2
Event: 3626.940 Thread 0x000002a075b1e500 Uncommon trap: trap_request=0xffffffc6 fr.pc=0x000002a061db46fc relative=0x000000000000005c
Event: 3626.940 Thread 0x000002a075b1e500 Uncommon trap: reason=bimorphic_or_optimized_type_check action=maybe_recompile pc=0x000002a061db46fc method=java.util.stream.Nodes.flatten(Ljava/util/stream/Node;Ljava/util/function/IntFunction;)Ljava/util/stream/Node; @ 1 c2
Event: 3626.940 Thread 0x000002a075b1e500 DEOPT PACKING pc=0x000002a061db46fc sp=0x000000d5f3cfebf0
Event: 3626.940 Thread 0x000002a075b1e500 DEOPT UNPACKING pc=0x000002a060f73aa2 sp=0x000000d5f3cfeb78 mode 2
Event: 3626.941 Thread 0x000002a075b1e500 Uncommon trap: trap_request=0xffffffc6 fr.pc=0x000002a061db46fc relative=0x000000000000005c
Event: 3626.941 Thread 0x000002a075b1e500 Uncommon trap: reason=bimorphic_or_optimized_type_check action=maybe_recompile pc=0x000002a061db46fc method=java.util.stream.Nodes.flatten(Ljava/util/stream/Node;Ljava/util/function/IntFunction;)Ljava/util/stream/Node; @ 1 c2
Event: 3626.941 Thread 0x000002a075b1e500 DEOPT PACKING pc=0x000002a061db46fc sp=0x000000d5f3cfee60
Event: 3626.941 Thread 0x000002a075b1e500 DEOPT UNPACKING pc=0x000002a060f73aa2 sp=0x000000d5f3cfedd8 mode 2
Event: 9090.143 Thread 0x000002a073455d00 Uncommon trap: trap_request=0xffffff45 fr.pc=0x000002a062017598 relative=0x00000000000002b8
Event: 9090.144 Thread 0x000002a073455d00 Uncommon trap: reason=unstable_if action=reinterpret pc=0x000002a062017598 method=java.net.URI.equal(Ljava/lang/String;Ljava/lang/String;)Z @ 10 c2
Event: 9090.144 Thread 0x000002a073455d00 DEOPT PACKING pc=0x000002a062017598 sp=0x000000d5f70feda0
Event: 9090.145 Thread 0x000002a073455d00 DEOPT UNPACKING pc=0x000002a060f73aa2 sp=0x000000d5f70fed30 mode 2
Event: 9605.896 Thread 0x000002a073455d00 DEOPT PACKING pc=0x000002a05be26241 sp=0x000000d5f70fe7a0
Event: 9605.897 Thread 0x000002a073455d00 DEOPT UNPACKING pc=0x000002a060f74242 sp=0x000000d5f70fdc80 mode 0

Classes loaded (20 events):
Event: 43.314 Loading class java/util/concurrent/atomic/AtomicMarkableReference
Event: 43.314 Loading class java/util/concurrent/atomic/AtomicMarkableReference done
Event: 43.315 Loading class java/util/concurrent/atomic/AtomicMarkableReference$Pair
Event: 43.317 Loading class java/util/concurrent/atomic/AtomicMarkableReference$Pair done
Event: 44.075 Loading class javax/net/DefaultSocketFactory
Event: 44.077 Loading class javax/net/DefaultSocketFactory done
Event: 45.216 Loading class sun/security/ssl/SSLKeyExchange$SSLKeyExECDHERSAOrPSS
Event: 45.221 Loading class sun/security/ssl/SSLKeyExchange$SSLKeyExECDHERSAOrPSS done
Event: 45.232 Loading class sun/security/rsa/MGF1
Event: 45.233 Loading class sun/security/rsa/MGF1 done
Event: 46.529 Loading class java/nio/HeapByteBufferR
Event: 46.530 Loading class java/nio/HeapByteBufferR done
Event: 50.278 Loading class java/util/concurrent/ConcurrentLinkedQueue$Itr
Event: 50.278 Loading class java/util/concurrent/ConcurrentLinkedQueue$Itr done
Event: 63.787 Loading class com/sun/crypto/provider/HmacCore$HmacSHA256
Event: 63.788 Loading class com/sun/crypto/provider/HmacCore$HmacSHA256 done
Event: 74.632 Loading class jdk/internal/module/IllegalAccessLogger
Event: 74.632 Loading class jdk/internal/module/IllegalAccessLogger done
Event: 77.563 Loading class jdk/internal/module/IllegalAccessLogger
Event: 77.563 Loading class jdk/internal/module/IllegalAccessLogger done

Classes unloaded (4 events):
Event: 35.848 Thread 0x000002a0568a2e70 Unloading class 0x000002a0060e6c00 'java/lang/invoke/LambdaForm$MH+0x000002a0060e6c00'
Event: 35.849 Thread 0x000002a0568a2e70 Unloading class 0x000002a0060e6800 'java/lang/invoke/LambdaForm$MH+0x000002a0060e6800'
Event: 35.849 Thread 0x000002a0568a2e70 Unloading class 0x000002a0060e6400 'java/lang/invoke/LambdaForm$MH+0x000002a0060e6400'
Event: 35.849 Thread 0x000002a0568a2e70 Unloading class 0x000002a0060e6000 'java/lang/invoke/LambdaForm$MH+0x000002a0060e6000'

Classes redefined (0 events):
No events

Internal exceptions (20 events):
Event: 3337.049 Thread 0x000002a073c264b0 Exception <a 'sun/nio/fs/WindowsException'{0x00000000d5de70b0}> (0x00000000d5de70b0) 
thrown [s\src\hotspot\share\prims\jni.cpp, line 520]
Event: 3337.049 Thread 0x000002a073c264b0 Exception <a 'sun/nio/fs/WindowsException'{0x00000000d5de7990}> (0x00000000d5de7990) 
thrown [s\src\hotspot\share\prims\jni.cpp, line 520]
Event: 3337.095 Thread 0x000002a073c264b0 Exception <a 'sun/nio/fs/WindowsException'{0x00000000d5661360}> (0x00000000d5661360) 
thrown [s\src\hotspot\share\prims\jni.cpp, line 520]
Event: 3337.095 Thread 0x000002a073c264b0 Exception <a 'sun/nio/fs/WindowsException'{0x00000000d5661c28}> (0x00000000d5661c28) 
thrown [s\src\hotspot\share\prims\jni.cpp, line 520]
Event: 3337.105 Thread 0x000002a073c264b0 Exception <a 'java/lang/NoSuchMethodError'{0x00000000d56d1d90}: static [Lorg/eclipse/jdt/core/IClasspathEntry;.<clinit>()V> (0x00000000d56d1d90) 
thrown [s\src\hotspot\share\prims\jni.cpp, line 1111]
Event: 3337.106 Thread 0x000002a073c264b0 Exception <a 'java/lang/NoSuchMethodError'{0x00000000d56d2db0}: static [Lorg/eclipse/jdt/core/IAccessRule;.<clinit>()V> (0x00000000d56d2db0) 
thrown [s\src\hotspot\share\prims\jni.cpp, line 1111]
Event: 3337.106 Thread 0x000002a073c264b0 Exception <a 'java/lang/NoSuchMethodError'{0x00000000d56d38e0}: static [Lorg/eclipse/jdt/core/IClasspathAttribute;.<clinit>()V> (0x00000000d56d38e0) 
thrown [s\src\hotspot\share\prims\jni.cpp, line 1111]
Event: 3337.392 Thread 0x000002a073c264b0 Exception <a 'sun/nio/fs/WindowsException'{0x00000000d6235b70}> (0x00000000d6235b70) 
thrown [s\src\hotspot\share\prims\jni.cpp, line 520]
Event: 3337.392 Thread 0x000002a073c264b0 Exception <a 'sun/nio/fs/WindowsException'{0x00000000d6236438}> (0x00000000d6236438) 
thrown [s\src\hotspot\share\prims\jni.cpp, line 520]
Event: 3626.934 Thread 0x000002a073c264b0 Exception <a 'sun/nio/fs/WindowsException'{0x00000000d56b51a0}> (0x00000000d56b51a0) 
thrown [s\src\hotspot\share\prims\jni.cpp, line 520]
Event: 3626.934 Thread 0x000002a073c264b0 Exception <a 'sun/nio/fs/WindowsException'{0x00000000d56b5a68}> (0x00000000d56b5a68) 
thrown [s\src\hotspot\share\prims\jni.cpp, line 520]
Event: 3626.936 Thread 0x000002a073c264b0 Exception <a 'sun/nio/fs/WindowsException'{0x00000000d56c1e70}> (0x00000000d56c1e70) 
thrown [s\src\hotspot\share\prims\jni.cpp, line 520]
Event: 3626.936 Thread 0x000002a073c264b0 Exception <a 'sun/nio/fs/WindowsException'{0x00000000d56f3080}> (0x00000000d56f3080) 
thrown [s\src\hotspot\share\prims\jni.cpp, line 520]
Event: 3626.936 Thread 0x000002a073c264b0 Exception <a 'sun/nio/fs/WindowsException'{0x00000000d56f9e68}> (0x00000000d56f9e68) 
thrown [s\src\hotspot\share\prims\jni.cpp, line 520]
Event: 3626.937 Thread 0x000002a073c264b0 Exception <a 'sun/nio/fs/WindowsException'{0x00000000d56fa730}> (0x00000000d56fa730) 
thrown [s\src\hotspot\share\prims\jni.cpp, line 520]
Event: 3626.938 Thread 0x000002a073c264b0 Exception <a 'sun/nio/fs/WindowsException'{0x00000000d56ff638}> (0x00000000d56ff638) 
thrown [s\src\hotspot\share\prims\jni.cpp, line 520]
Event: 3626.938 Thread 0x000002a073c264b0 Exception <a 'sun/nio/fs/WindowsException'{0x00000000d56fff00}> (0x00000000d56fff00) 
thrown [s\src\hotspot\share\prims\jni.cpp, line 520]
Event: 3626.938 Thread 0x000002a073c264b0 Exception <a 'sun/nio/fs/WindowsException'{0x00000000d5701af0}> (0x00000000d5701af0) 
thrown [s\src\hotspot\share\prims\jni.cpp, line 520]
Event: 3626.938 Thread 0x000002a073c264b0 Exception <a 'sun/nio/fs/WindowsException'{0x00000000d57023b8}> (0x00000000d57023b8) 
thrown [s\src\hotspot\share\prims\jni.cpp, line 520]
Event: 4137.185 Thread 0x000002a0734507b0 Exception <a 'java/lang/IncompatibleClassChangeError'{0x00000000d5825448}: Found class java.lang.Object, but interface was expected> (0x00000000d5825448) 
thrown [s\src\hotspot\share\interpreter\linkResolver.cpp, line 840]

ZGC Phase Switch (0 events):
No events

VM Operations (20 events):
Event: 20084.438 Executing non-safepoint VM operation: HandshakeAllThreads (HandshakeForDeflation)
Event: 20084.438 Executing non-safepoint VM operation: HandshakeAllThreads (HandshakeForDeflation) done
Event: 20084.438 Executing non-safepoint VM operation: RendezvousGCThreads
Event: 20084.438 Executing non-safepoint VM operation: RendezvousGCThreads done
Event: 20144.559 Executing non-safepoint VM operation: HandshakeAllThreads (HandshakeForDeflation)
Event: 20144.559 Executing non-safepoint VM operation: HandshakeAllThreads (HandshakeForDeflation) done
Event: 20144.559 Executing non-safepoint VM operation: RendezvousGCThreads
Event: 20144.559 Executing non-safepoint VM operation: RendezvousGCThreads done
Event: 20505.316 Executing non-safepoint VM operation: HandshakeAllThreads (HandshakeForDeflation)
Event: 20505.316 Executing non-safepoint VM operation: HandshakeAllThreads (HandshakeForDeflation) done
Event: 20505.316 Executing non-safepoint VM operation: RendezvousGCThreads
Event: 20505.316 Executing non-safepoint VM operation: RendezvousGCThreads done
Event: 20625.556 Executing non-safepoint VM operation: HandshakeAllThreads (HandshakeForDeflation)
Event: 20625.556 Executing non-safepoint VM operation: HandshakeAllThreads (HandshakeForDeflation) done
Event: 20625.556 Executing non-safepoint VM operation: RendezvousGCThreads
Event: 20625.556 Executing non-safepoint VM operation: RendezvousGCThreads done
Event: 20805.913 Executing non-safepoint VM operation: HandshakeAllThreads (HandshakeForDeflation)
Event: 20805.913 Executing non-safepoint VM operation: HandshakeAllThreads (HandshakeForDeflation) done
Event: 20805.913 Executing non-safepoint VM operation: RendezvousGCThreads
Event: 20805.913 Executing non-safepoint VM operation: RendezvousGCThreads done

Memory protections (0 events):
No events

Nmethod flushes (0 events):
No events

Events (20 events):
Event: 3338.106 Thread 0x000002a0757a5f10 Thread exited: 0x000002a0757a5f10
Event: 3391.327 Thread 0x000002a075b1f8b0 Thread exited: 0x000002a075b1f8b0
Event: 3398.454 Thread 0x000002a073c26b40 Thread exited: 0x000002a073c26b40
Event: 3451.327 Thread 0x000002a075b1f220 Thread exited: 0x000002a075b1f220
Event: 3626.930 Thread 0x000002a073c264b0 Thread added: 0x000002a075b1e500
Event: 3626.931 Thread 0x000002a075b1e500 Thread exited: 0x000002a075b1e500
Event: 3626.939 Thread 0x000002a073c264b0 Thread added: 0x000002a075b1e500
Event: 3626.940 Thread 0x000002a075b1e500 Thread added: 0x000002a075b1f220
Event: 3626.940 Thread 0x000002a075b1f220 Thread added: 0x000002a075b1f8b0
Event: 3626.940 Thread 0x000002a075b1e500 Thread added: 0x000002a075b1ff40
Event: 3626.941 Thread 0x000002a075b1ff40 Thread added: 0x000002a075b18fb0
Event: 3626.941 Thread 0x000002a075b1e500 Thread added: 0x000002a075b205d0
Event: 3626.941 Thread 0x000002a075b205d0 Thread exited: 0x000002a075b205d0
Event: 3626.941 Thread 0x000002a075b1e500 Thread exited: 0x000002a075b1e500
Event: 3626.941 Thread 0x000002a075b18fb0 Thread exited: 0x000002a075b18fb0
Event: 3626.941 Thread 0x000002a075b1f8b0 Thread exited: 0x000002a075b1f8b0
Event: 3626.941 Thread 0x000002a075b1ff40 Thread exited: 0x000002a075b1ff40
Event: 3626.941 Thread 0x000002a075b1f220 Thread exited: 0x000002a075b1f220
Event: 3626.948 Thread 0x000002a056778d80 Thread added: 0x000002a0757a7380
Event: 3632.267 Thread 0x000002a0757a7380 Thread exited: 0x000002a0757a7380


Dynamic libraries:
0x00007ff635e60000 - 0x00007ff635e6e000 	c:\Users\Admin\.vscode\extensions\redhat.java-1.55.2026041708-win32-x64\jre\21.0.10-win32-x86_64\bin\java.exe
0x00007fff15510000 - 0x00007fff15708000 	C:\WINDOWS\SYSTEM32\ntdll.dll
0x00007fff14280000 - 0x00007fff14342000 	C:\WINDOWS\System32\KERNEL32.DLL
0x00007fff12ba0000 - 0x00007fff12e96000 	C:\WINDOWS\System32\KERNELBASE.dll
0x00007fff12ea0000 - 0x00007fff12fa0000 	C:\WINDOWS\System32\ucrtbase.dll
0x00007ffeea2d0000 - 0x00007ffeea2e8000 	c:\Users\Admin\.vscode\extensions\redhat.java-1.55.2026041708-win32-x64\jre\21.0.10-win32-x86_64\bin\jli.dll
0x00007fff13d70000 - 0x00007fff13f11000 	C:\WINDOWS\System32\USER32.dll
0x00007fff13500000 - 0x00007fff13522000 	C:\WINDOWS\System32\win32u.dll
0x00007fff13cb0000 - 0x00007fff13cdb000 	C:\WINDOWS\System32\GDI32.dll
0x00007fff13340000 - 0x00007fff13459000 	C:\WINDOWS\System32\gdi32full.dll
0x00007fff13460000 - 0x00007fff134fd000 	C:\WINDOWS\System32\msvcp_win.dll
0x00007ffee8500000 - 0x00007ffee851e000 	c:\Users\Admin\.vscode\extensions\redhat.java-1.55.2026041708-win32-x64\jre\21.0.10-win32-x86_64\bin\VCRUNTIME140.dll
0x00007fff018e0000 - 0x00007fff01b7b000 	C:\WINDOWS\WinSxS\amd64_microsoft.windows.common-controls_6595b64144ccf1df_6.0.19041.6456_none_60b8a6cb71f64256\COMCTL32.dll
0x00007fff13530000 - 0x00007fff135ce000 	C:\WINDOWS\System32\msvcrt.dll
0x00007fff14350000 - 0x00007fff1437f000 	C:\WINDOWS\System32\IMM32.DLL
0x00007fff0e6e0000 - 0x00007fff0e6ec000 	c:\Users\Admin\.vscode\extensions\redhat.java-1.55.2026041708-win32-x64\jre\21.0.10-win32-x86_64\bin\vcruntime140_1.dll
0x00007ffedd080000 - 0x00007ffedd10d000 	c:\Users\Admin\.vscode\extensions\redhat.java-1.55.2026041708-win32-x64\jre\21.0.10-win32-x86_64\bin\msvcp140.dll
0x00007ffe97120000 - 0x00007ffe97ec1000 	c:\Users\Admin\.vscode\extensions\redhat.java-1.55.2026041708-win32-x64\jre\21.0.10-win32-x86_64\bin\server\jvm.dll
0x00007fff143e0000 - 0x00007fff14491000 	C:\WINDOWS\System32\ADVAPI32.dll
0x00007fff13950000 - 0x00007fff139ef000 	C:\WINDOWS\System32\sechost.dll
0x00007fff15220000 - 0x00007fff15340000 	C:\WINDOWS\System32\RPCRT4.dll
0x00007fff130a0000 - 0x00007fff130c7000 	C:\WINDOWS\System32\bcrypt.dll
0x00007fff138e0000 - 0x00007fff1394b000 	C:\WINDOWS\System32\WS2_32.dll
0x00007fff120f0000 - 0x00007fff1213b000 	C:\WINDOWS\SYSTEM32\POWRPROF.dll
0x00007fff025b0000 - 0x00007fff025d7000 	C:\WINDOWS\SYSTEM32\WINMM.dll
0x00007fff0afd0000 - 0x00007fff0afda000 	C:\WINDOWS\SYSTEM32\VERSION.dll
0x00007fff11f60000 - 0x00007fff11f72000 	C:\WINDOWS\SYSTEM32\UMPDC.dll
0x00007fff11370000 - 0x00007fff11382000 	C:\WINDOWS\SYSTEM32\kernel.appcore.dll
0x00007fff0d950000 - 0x00007fff0d95a000 	c:\Users\Admin\.vscode\extensions\redhat.java-1.55.2026041708-win32-x64\jre\21.0.10-win32-x86_64\bin\jimage.dll
0x00007fff10890000 - 0x00007fff10a91000 	C:\WINDOWS\SYSTEM32\DBGHELP.DLL
0x00007ffeff7d0000 - 0x00007ffeff804000 	C:\WINDOWS\SYSTEM32\dbgcore.DLL
0x00007fff130d0000 - 0x00007fff13152000 	C:\WINDOWS\System32\bcryptPrimitives.dll
0x00007fff0c2b0000 - 0x00007fff0c2bf000 	c:\Users\Admin\.vscode\extensions\redhat.java-1.55.2026041708-win32-x64\jre\21.0.10-win32-x86_64\bin\instrument.dll
0x00007ffee77f0000 - 0x00007ffee7810000 	c:\Users\Admin\.vscode\extensions\redhat.java-1.55.2026041708-win32-x64\jre\21.0.10-win32-x86_64\bin\java.dll
0x00007fff149e0000 - 0x00007fff15150000 	C:\WINDOWS\System32\SHELL32.dll
0x00007fff10aa0000 - 0x00007fff11245000 	C:\WINDOWS\SYSTEM32\windows.storage.dll
0x00007fff13f20000 - 0x00007fff14274000 	C:\WINDOWS\System32\combase.dll
0x00007fff124f0000 - 0x00007fff1251b000 	C:\WINDOWS\SYSTEM32\Wldp.dll
0x00007fff144a0000 - 0x00007fff1456d000 	C:\WINDOWS\System32\OLEAUT32.dll
0x00007fff15150000 - 0x00007fff151fd000 	C:\WINDOWS\System32\SHCORE.dll
0x00007fff139f0000 - 0x00007fff13a4b000 	C:\WINDOWS\System32\shlwapi.dll
0x00007fff12ad0000 - 0x00007fff12af4000 	C:\WINDOWS\SYSTEM32\profapi.dll
0x00007ffee73a0000 - 0x00007ffee73b8000 	c:\Users\Admin\.vscode\extensions\redhat.java-1.55.2026041708-win32-x64\jre\21.0.10-win32-x86_64\bin\zip.dll
0x00007fff0bad0000 - 0x00007fff0bae0000 	C:\Users\Admin\.vscode\extensions\redhat.java-1.55.2026041708-win32-x64\jre\21.0.10-win32-x86_64\bin\net.dll
0x00007fff0e9a0000 - 0x00007fff0eaaa000 	C:\WINDOWS\SYSTEM32\WINHTTP.dll
0x00007fff122d0000 - 0x00007fff1233a000 	C:\WINDOWS\system32\mswsock.dll
0x00007ffee70a0000 - 0x00007ffee70b6000 	C:\Users\Admin\.vscode\extensions\redhat.java-1.55.2026041708-win32-x64\jre\21.0.10-win32-x86_64\bin\nio.dll
0x00007fff0baa0000 - 0x00007fff0bab0000 	c:\Users\Admin\.vscode\extensions\redhat.java-1.55.2026041708-win32-x64\jre\21.0.10-win32-x86_64\bin\verify.dll
0x00007ffee7750000 - 0x00007ffee7795000 	C:\Users\Admin\AppData\Roaming\Code\User\globalStorage\redhat.java\1.55.2026041708\config_win\org.eclipse.equinox.launcher\org.eclipse.equinox.launcher.win32.win32.x86_64_1.3.0.v20260203-2149\eclipse_11919.dll
0x00007fff15340000 - 0x00007fff1546b000 	C:\WINDOWS\System32\ole32.dll
0x00007fff12530000 - 0x00007fff12548000 	C:\WINDOWS\SYSTEM32\CRYPTSP.dll
0x00007fff11ba0000 - 0x00007fff11bd8000 	C:\WINDOWS\system32\rsaenh.dll
0x00007fff12a90000 - 0x00007fff12abe000 	C:\WINDOWS\SYSTEM32\USERENV.dll
0x00007fff12460000 - 0x00007fff1246c000 	C:\WINDOWS\SYSTEM32\CRYPTBASE.dll
0x00007fff11f80000 - 0x00007fff11fbb000 	C:\WINDOWS\SYSTEM32\IPHLPAPI.DLL
0x00007fff13860000 - 0x00007fff13868000 	C:\WINDOWS\System32\NSI.dll
0x00007ffee34b0000 - 0x00007ffee34f9000 	C:\Users\Admin\AppData\Local\Temp\jna-63116079\jna10147083411456633607.dll
0x00007fff13870000 - 0x00007fff13878000 	C:\WINDOWS\System32\PSAPI.DLL
0x00007fff0f390000 - 0x00007fff0f3a7000 	C:\WINDOWS\SYSTEM32\dhcpcsvc6.DLL
0x00007fff0f370000 - 0x00007fff0f38d000 	C:\WINDOWS\SYSTEM32\dhcpcsvc.DLL
0x00007fff0f900000 - 0x00007fff0f90e000 	C:\Users\Admin\.vscode\extensions\redhat.java-1.55.2026041708-win32-x64\jre\21.0.10-win32-x86_64\bin\sunmscapi.dll
0x00007fff13160000 - 0x00007fff132bd000 	C:\WINDOWS\System32\CRYPT32.dll
0x00007fff12640000 - 0x00007fff12667000 	C:\WINDOWS\SYSTEM32\ncrypt.dll
0x00007fff12600000 - 0x00007fff1263b000 	C:\WINDOWS\SYSTEM32\NTASN1.dll
0x00007fff11fc0000 - 0x00007fff1208a000 	C:\WINDOWS\SYSTEM32\DNSAPI.dll
0x00007fff0be30000 - 0x00007fff0be3a000 	C:\Windows\System32\rasadhlp.dll
0x00007fff0b070000 - 0x00007fff0b0f0000 	C:\WINDOWS\System32\fwpuclnt.dll
0x00007fff0ebd0000 - 0x00007fff0ebd9000 	C:\Users\Admin\.vscode\extensions\redhat.java-1.55.2026041708-win32-x64\jre\21.0.10-win32-x86_64\bin\extnet.dll

JVMTI agents:
c:\Users\Admin\.vscode\extensions\redhat.java-1.55.2026041708-win32-x64\lombok\lombok-1.18.39-4050.jar path:c:\Users\Admin\.vscode\extensions\redhat.java-1.55.2026041708-win32-x64\jre\21.0.10-win32-x86_64\bin\instrument.dll, loaded, initialized, instrumentlib options:none

dbghelp: loaded successfully - version: 4.0.5 - missing functions: none
symbol engine: initialized successfully - sym options: 0x614 - pdb path: .;c:\Users\Admin\.vscode\extensions\redhat.java-1.55.2026041708-win32-x64\jre\21.0.10-win32-x86_64\bin;C:\WINDOWS\SYSTEM32;C:\WINDOWS\WinSxS\amd64_microsoft.windows.common-controls_6595b64144ccf1df_6.0.19041.6456_none_60b8a6cb71f64256;c:\Users\Admin\.vscode\extensions\redhat.java-1.55.2026041708-win32-x64\jre\21.0.10-win32-x86_64\bin\server;C:\Users\Admin\AppData\Roaming\Code\User\globalStorage\redhat.java\1.55.2026041708\config_win\org.eclipse.equinox.launcher\org.eclipse.equinox.launcher.win32.win32.x86_64_1.3.0.v20260203-2149;C:\Users\Admin\AppData\Local\Temp\jna-63116079

VM Arguments:
jvm_args: --add-modules=ALL-SYSTEM --add-opens=java.base/java.util=ALL-UNNAMED --add-opens=java.base/java.lang=ALL-UNNAMED --add-opens=java.base/sun.nio.fs=ALL-UNNAMED -Declipse.application=org.eclipse.jdt.ls.core.id1 -Dosgi.bundles.defaultStartLevel=4 -Declipse.product=org.eclipse.jdt.ls.core.product -Djava.import.generatesMetadataFilesAtProjectRoot=false -DDetectVMInstallationsJob.disabled=true -Dfile.encoding=utf8 -XX:+UseParallelGC -XX:GCTimeRatio=4 -XX:AdaptiveSizePolicyWeight=90 -Dsun.zip.disableMemoryMapping=true -Xmx2G -Xms100m -Xlog:disable -javaagent:c:\Users\Admin\.vscode\extensions\redhat.java-1.55.2026041708-win32-x64\lombok\lombok-1.18.39-4050.jar -XX:+HeapDumpOnOutOfMemoryError -XX:HeapDumpPath=c:\Users\Admin\AppData\Roaming\Code\User\workspaceStorage\c2f678083dd9bc98477215c45f3916eb\redhat.java -Daether.dependencyCollector.impl=bf -XX:+UnlockDiagnosticVMOptions -XX:+AllowArchivingWithJavaAgent -XX:+AutoCreateSharedArchive -XX:SharedArchiveFile=c:\Users\Admin\AppData\Roaming\Code\User\globalStorage\redhat.java\1.55.2026041708\jdtls.jsa 
java_command: c:\Users\Admin\.vscode\extensions\redhat.java-1.55.2026041708-win32-x64\server\plugins\org.eclipse.equinox.launcher_1.7.100.v20251111-0406.jar -configuration c:\Users\Admin\AppData\Roaming\Code\User\globalStorage\redhat.java\1.55.2026041708\config_win -data c:\Users\Admin\AppData\Roaming\Code\User\workspaceStorage\c2f678083dd9bc98477215c45f3916eb\redhat.java\jdt_ws --pipe=\\.\pipe\lsp-dd3d85bfaa4c9b4ce5c7052fe66cf876-sock
java_class_path (initial): c:\Users\Admin\.vscode\extensions\redhat.java-1.55.2026041708-win32-x64\server\plugins\org.eclipse.equinox.launcher_1.7.100.v20251111-0406.jar
Launcher Type: SUN_STANDARD

[Global flags]
    uintx AdaptiveSizePolicyWeight                 = 90                                        {product} {command line}
     bool AllowArchivingWithJavaAgent              = true                             {JVMCI diagnostic} {command line}
     bool AutoCreateSharedArchive                  = false                               {JVMCI product} {command line}
     intx CICompilerCount                          = 4                                         {product} {ergonomic}
    uintx GCTimeRatio                              = 4                                         {product} {command line}
     bool HeapDumpOnOutOfMemoryError               = true                                   {manageable} {command line}
    ccstr HeapDumpPath                             = c:\Users\Admin\AppData\Roaming\Code\User\workspaceStorage\c2f678083dd9bc98477215c45f3916eb\redhat.java         {manageable} {command line}
   size_t InitialHeapSize                          = 104857600                                 {product} {command line}
   size_t MaxHeapSize                              = 2147483648                                {product} {command line}
   size_t MaxNewSize                               = 715653120                                 {product} {ergonomic}
   size_t MinHeapDeltaBytes                        = 524288                                    {product} {ergonomic}
   size_t MinHeapSize                              = 104857600                                 {product} {command line}
   size_t NewSize                                  = 34603008                                  {product} {ergonomic}
    uintx NonNMethodCodeHeapSize                   = 5839372                                {pd product} {ergonomic}
    uintx NonProfiledCodeHeapSize                  = 122909434                              {pd product} {ergonomic}
   size_t OldSize                                  = 70254592                                  {product} {ergonomic}
    uintx ProfiledCodeHeapSize                     = 122909434                              {pd product} {ergonomic}
    uintx ReservedCodeCacheSize                    = 251658240                              {pd product} {ergonomic}
     bool SegmentedCodeCache                       = true                                      {product} {ergonomic}
    ccstr SharedArchiveFile                        = c:\Users\Admin\AppData\Roaming\Code\User\globalStorage\redhat.java\1.55.2026041708\jdtls.jsa      {JVMCI product} {command line}
   size_t SoftMaxHeapSize                          = 2147483648                             {manageable} {ergonomic}
     bool UnlockDiagnosticVMOptions                = true                                   {diagnostic} {command line}
     bool UseCompressedOops                        = true                           {product lp64_product} {ergonomic}
     bool UseLargePagesIndividualAllocation        = false                                  {pd product} {ergonomic}
     bool UseParallelGC                            = true                                      {product} {command line}

Logging:
Log output configuration:
 #0: stdout all=off uptime,level,tags foldmultilines=false
 #1: stderr all=off uptime,level,tags foldmultilines=false

Release file:
JAVA_VERSION="21.0.10" 
MODULES="java.base java.compiler java.datatransfer java.xml java.prefs java.desktop java.instrument java.logging java.management java.security.sasl java.naming java.rmi java.management.rmi java.net.http java.scripting java.security.jgss java.transaction.xa java.sql java.sql.rowset java.xml.crypto java.se java.smartcardio jdk.accessibility jdk.internal.jvmstat jdk.attach jdk.charsets jdk.internal.opt jdk.zipfs jdk.compiler jdk.crypto.ec jdk.crypto.cryptoki jdk.crypto.mscapi jdk.dynalink jdk.internal.ed jdk.editpad jdk.hotspot.agent jdk.httpserver jdk.internal.le jdk.internal.vm.ci jdk.internal.vm.compiler jdk.internal.vm.compiler.management jdk.jartool jdk.javadoc jdk.jcmd jdk.management jdk.management.agent jdk.jconsole jdk.jdeps jdk.jdwp.agent jdk.jdi jdk.jfr jdk.jshell jdk.jsobject jdk.jstatd jdk.localedata jdk.management.jfr jdk.naming.dns jdk.naming.rmi jdk.net jdk.nio.mapmode jdk.random jdk.sctp jdk.security.auth jdk.security.jgss jdk.unsupported jdk.unsupported.desktop jdk.xml.dom" 

Environment Variables:
JAVA_HOME=C:\Program Files\Java\jdk-21
PATH=C:\Users\Admin\AppData\Local\Programs\Microsoft VS Code;C:\Program Files\Common Files\Oracle\Java\javapath;C:\WINDOWS\system32;C:\WINDOWS;C:\WINDOWS\System32\Wbem;C:\WINDOWS\System32\WindowsPowerShell\v1.0\;C:\WINDOWS\System32\OpenSSH\;C:\Program Files\PostgreSQL\15\bin;C:\Program Files\Git\cmd;C:\Program Files\nodejs\;C:\Program Files (x86)\Microsoft SQL Server\160\Tools\Binn\;C:\Program Files\Microsoft SQL Server\160\Tools\Binn\;C:\Program Files\Microsoft SQL Server\Client SDK\ODBC\170\Tools\Binn\;C:\Program Files\Microsoft SQL Server\160\DTS\Binn\;C:\apache-maven-3.9.9\bin;C:\Program Files\Java\jdk-21\bin;;C:\xampp\php;C:\ProgramData\ComposerSetup\bin;C:\Program Files\Docker\Docker\resources\bin;C:\Program Files (x86)\Microsoft SQL Server\160\DTS\Binn\;C:\Users\Admin\AppData\Local\Programs\Python\Python313\Scripts\;C:\Users\Admin\AppData\Local\Programs\Python\Python313\;C:\Users\Admin\AppData\Local\Programs\Python\Python310\Scripts\;C:\Users\Admin\AppData\Local\Programs\Python\Python310\;C:\Users\Admin\AppData\Local\Microsoft\WindowsApps;;C:\Program Files\JetBrains\IntelliJ IDEA 2023.2.2\bin;;C:\Users\Admin\AppData\Roaming\npm;C:\Users\Admin\AppData\Local\Programs\Microsoft VS Code\bin;C:\Users\Admin\AppData\Roaming\Composer\vendor\bin
USERNAME=Admin
OS=Windows_NT
PROCESSOR_IDENTIFIER=Intel64 Family 6 Model 142 Stepping 12, GenuineIntel
TMP=C:\Users\Admin\AppData\Local\Temp
TEMP=C:\Users\Admin\AppData\Local\Temp




Periodic native trim disabled

---------------  S Y S T E M  ---------------

OS:
 Windows 10 , 64 bit Build 19041 (10.0.19041.5915)
OS uptime: 6 days 3:53 hours
Hyper-V role detected

CPU: total 8 (initial active 8) (4 cores per cpu, 2 threads per core) family 6 model 142 stepping 12 microcode 0xf8, cx8, cmov, fxsr, ht, mmx, 3dnowpref, sse, sse2, sse3, ssse3, sse4.1, sse4.2, popcnt, lzcnt, tsc, tscinvbit, avx, avx2, aes, erms, clmul, bmi1, bmi2, adx, fma, vzeroupper, clflush, clflushopt, hv, rdtscp, f16c
Processor Information for the first 8 processors :
  Max Mhz: 2304, Current Mhz: 1803, Mhz Limit: 1797

Memory: 4k page, system-wide physical 8039M (448M free)
TotalPageFile size 22108M (AvailPageFile size 20M)
current process WorkingSet (physical memory assigned to process): 9M, peak: 524M
current process commit charge ("private bytes"): 878M, peak: 881M

vm_info: OpenJDK 64-Bit Server VM (21.0.10+7-LTS) for windows-amd64 JRE (21.0.10+7-LTS), built on 2026-01-20T00:00:00Z by "admin" with MS VC++ 17.12 (VS2022)

END.
