#
# There is insufficient memory for the Java Runtime Environment to continue.
# Native memory allocation (malloc) failed to allocate 1048576 bytes. Error detail: AllocateHeap
# Possible reasons:
#   The system is out of physical RAM or swap space
#   This process is running with CompressedOops enabled, and the Java Heap may be blocking the growth of the native heap
# Possible solutions:
#   Reduce memory load on the system
#   Increase physical memory or swap space
#   Check if swap backing store is full
#   Decrease Java heap size (-Xmx/-Xms)
#   Decrease number of Java threads
#   Decrease Java thread stack sizes (-Xss)
#   Set larger code cache with -XX:ReservedCodeCacheSize=
#   JVM is running with Unscaled Compressed Oops mode in which the Java heap is
#     placed in the first 4GB address space. The Java Heap base address is the
#     maximum limit for the native heap growth. Please use -XX:HeapBaseMinAddress
#     to set the Java Heap base and to place the Java Heap above 4GB virtual address.
# This output file may be truncated or incomplete.
#
#  Out of Memory Error (allocation.cpp:44), pid=17572, tid=13340
#
# JRE version: OpenJDK Runtime Environment Temurin-21.0.10+7 (21.0.10+7) (build 21.0.10+7-LTS)
# Java VM: OpenJDK 64-Bit Server VM Temurin-21.0.10+7 (21.0.10+7-LTS, mixed mode, sharing, tiered, compressed oops, compressed class ptrs, parallel gc, windows-amd64)
# No core dump will be written. Minidumps are not enabled by default on client versions of Windows
#

---------------  S U M M A R Y ------------

Command Line: --add-modules=ALL-SYSTEM --add-opens=java.base/java.util=ALL-UNNAMED --add-opens=java.base/java.lang=ALL-UNNAMED --add-opens=java.base/sun.nio.fs=ALL-UNNAMED -Declipse.application=org.eclipse.jdt.ls.core.id1 -Dosgi.bundles.defaultStartLevel=4 -Declipse.product=org.eclipse.jdt.ls.core.product -Djava.import.generatesMetadataFilesAtProjectRoot=false -DDetectVMInstallationsJob.disabled=true -Dfile.encoding=utf8 -XX:+UseParallelGC -XX:GCTimeRatio=4 -XX:AdaptiveSizePolicyWeight=90 -Dsun.zip.disableMemoryMapping=true -Xmx2G -Xms100m -Xlog:disable -javaagent:c:\Users\Admin\.vscode\extensions\redhat.java-1.55.2026041708-win32-x64\lombok\lombok-1.18.39-4050.jar -XX:+HeapDumpOnOutOfMemoryError -XX:HeapDumpPath=c:\Users\Admin\AppData\Roaming\Code\User\workspaceStorage\c2f678083dd9bc98477215c45f3916eb\redhat.java -Daether.dependencyCollector.impl=bf -XX:+UnlockDiagnosticVMOptions -XX:+AllowArchivingWithJavaAgent -XX:+AutoCreateSharedArchive -XX:SharedArchiveFile=c:\Users\Admin\AppData\Roaming\Code\User\globalStorage\redhat.java\1.55.2026041708\jdtls.jsa c:\Users\Admin\.vscode\extensions\redhat.java-1.55.2026041708-win32-x64\server\plugins\org.eclipse.equinox.launcher_1.7.100.v20251111-0406.jar -configuration c:\Users\Admin\AppData\Roaming\Code\User\globalStorage\redhat.java\1.55.2026041708\config_win -data c:\Users\Admin\AppData\Roaming\Code\User\workspaceStorage\c2f678083dd9bc98477215c45f3916eb\redhat.java\jdt_ws --pipe=\\.\pipe\lsp-b314b42bfcddc47ab830dbf6e9e35a95-sock

Host: Intel(R) Core(TM) i7-10510U CPU @ 1.80GHz, 8 cores, 7G,  Windows 10 , 64 bit Build 19041 (10.0.19041.5915)
Time: Thu Apr 23 02:43:31 2026 SE Asia Standard Time elapsed time: 4567.999477 seconds (0d 1h 16m 7s)

---------------  T H R E A D  ---------------

Current thread (0x000002024aaaaca0):  JavaThread "Attach Listener" daemon [_thread_in_vm, id=13340, stack(0x000000e6f8c00000,0x000000e6f8d00000) (1024K)]

Stack: [0x000000e6f8c00000,0x000000e6f8d00000]
Native frames: (J=compiled Java code, j=interpreted, Vv=VM code, C=native code)
V  [jvm.dll+0x6d7a39]
V  [jvm.dll+0x8b4b26]
V  [jvm.dll+0x8b70de]
V  [jvm.dll+0x8b77c3]
V  [jvm.dll+0x284346]
V  [jvm.dll+0xc1277]
V  [jvm.dll+0x6d82e9]
V  [jvm.dll+0x1334a6]
V  [jvm.dll+0x3f857e]
V  [jvm.dll+0x85f59d]
V  [jvm.dll+0x6d626d]
C  [ucrtbase.dll+0x21bb2]
C  [KERNEL32.DLL+0x17374]
C  [ntdll.dll+0x4cc91]


---------------  P R O C E S S  ---------------

Threads class SMR info:
_java_thread_list=0x000002026984c1c0, length=34, elements={
0x000002024ab34640, 0x000002024aaa2930, 0x000002024aaa3d80, 0x000002024aaa8150,
0x000002024aaaaca0, 0x000002024aaac480, 0x000002024aab0b80, 0x000002024aab3ac0,
0x000002024aab4db0, 0x00000202671d4510, 0x000002026735e1a0, 0x0000020267c72f60,
0x00000202679715d0, 0x00000202670db4a0, 0x00000202670dc760, 0x0000020267d29750,
0x00000202680a9620, 0x0000020267e706b0, 0x00000202677c56f0, 0x00000202677c2270,
0x00000202677c3620, 0x00000202675a7880, 0x00000202675a71f0, 0x00000202675a4a90,
0x00000202675a4400, 0x00000202675a7f10, 0x00000202675a6b60, 0x00000202675a1ca0,
0x00000202675a5e40, 0x00000202675a29c0, 0x00000202675a3d70, 0x00000202675a5120,
0x00000202675a8c30, 0x00000202675a57b0
}

Java Threads: ( => current thread )
  0x000002024ab34640 JavaThread "main"                              [_thread_blocked, id=9448, stack(0x000000e6f8500000,0x000000e6f8600000) (1024K)]
  0x000002024aaa2930 JavaThread "Reference Handler"          daemon [_thread_blocked, id=2760, stack(0x000000e6f8900000,0x000000e6f8a00000) (1024K)]
  0x000002024aaa3d80 JavaThread "Finalizer"                  daemon [_thread_blocked, id=20264, stack(0x000000e6f8a00000,0x000000e6f8b00000) (1024K)]
  0x000002024aaa8150 JavaThread "Signal Dispatcher"          daemon [_thread_blocked, id=21856, stack(0x000000e6f8b00000,0x000000e6f8c00000) (1024K)]
=>0x000002024aaaaca0 JavaThread "Attach Listener"            daemon [_thread_in_vm, id=13340, stack(0x000000e6f8c00000,0x000000e6f8d00000) (1024K)]
  0x000002024aaac480 JavaThread "Service Thread"             daemon [_thread_blocked, id=2176, stack(0x000000e6f8d00000,0x000000e6f8e00000) (1024K)]
  0x000002024aab0b80 JavaThread "Monitor Deflation Thread"   daemon [_thread_blocked, id=22716, stack(0x000000e6f8e00000,0x000000e6f8f00000) (1024K)]
  0x000002024aab3ac0 JavaThread "C2 CompilerThread0"         daemon [_thread_blocked, id=6500, stack(0x000000e6f8f00000,0x000000e6f9000000) (1024K)]
  0x000002024aab4db0 JavaThread "C1 CompilerThread0"         daemon [_thread_blocked, id=8100, stack(0x000000e6f9000000,0x000000e6f9100000) (1024K)]
  0x00000202671d4510 JavaThread "Common-Cleaner"             daemon [_thread_blocked, id=14968, stack(0x000000e6f9100000,0x000000e6f9200000) (1024K)]
  0x000002026735e1a0 JavaThread "Notification Thread"        daemon [_thread_blocked, id=23212, stack(0x000000e6f9300000,0x000000e6f9400000) (1024K)]
  0x0000020267c72f60 JavaThread "Active Thread: Equinox Container: d838db10-a9d4-4e85-8ef3-6f06ea42afbb"        [_thread_blocked, id=22336, stack(0x000000e6f9a00000,0x000000e6f9b00000) (1024K)]
  0x00000202679715d0 JavaThread "Refresh Thread: Equinox Container: d838db10-a9d4-4e85-8ef3-6f06ea42afbb" daemon [_thread_blocked, id=10080, stack(0x000000e6f9b00000,0x000000e6f9c00000) (1024K)]
  0x00000202670db4a0 JavaThread "Framework Event Dispatcher: Equinox Container: d838db10-a9d4-4e85-8ef3-6f06ea42afbb" daemon [_thread_blocked, id=16640, stack(0x000000e6f9c00000,0x000000e6f9d00000) (1024K)]
  0x00000202670dc760 JavaThread "Start Level: Equinox Container: d838db10-a9d4-4e85-8ef3-6f06ea42afbb" daemon [_thread_blocked, id=6480, stack(0x000000e6f9d00000,0x000000e6f9e00000) (1024K)]
  0x0000020267d29750 JavaThread "Bundle File Closer"         daemon [_thread_blocked, id=20808, stack(0x000000e6f9f00000,0x000000e6fa000000) (1024K)]
  0x00000202680a9620 JavaThread "SCR Component Actor"        daemon [_thread_blocked, id=21984, stack(0x000000e6f9e00000,0x000000e6f9f00000) (1024K)]
  0x0000020267e706b0 JavaThread "Worker-JM"                         [_thread_blocked, id=6024, stack(0x000000e6fa100000,0x000000e6fa200000) (1024K)]
  0x00000202677c56f0 JavaThread "JNA Cleaner"                daemon [_thread_blocked, id=12964, stack(0x000000e6fa000000,0x000000e6fa100000) (1024K)]
  0x00000202677c2270 JavaThread "Worker-0"                          [_thread_blocked, id=9032, stack(0x000000e6fa200000,0x000000e6fa300000) (1024K)]
  0x00000202677c3620 JavaThread "Java indexing"              daemon [_thread_blocked, id=8000, stack(0x000000e6fa500000,0x000000e6fa600000) (1024K)]
  0x00000202675a7880 JavaThread "Worker-5"                          [_thread_blocked, id=2040, stack(0x000000e6faa00000,0x000000e6fab00000) (1024K)]
  0x00000202675a71f0 JavaThread "Thread-1"                   daemon [_thread_in_native, id=18456, stack(0x000000e6fac00000,0x000000e6fad00000) (1024K)]
  0x00000202675a4a90 JavaThread "Thread-2"                   daemon [_thread_in_native, id=6960, stack(0x000000e6fad00000,0x000000e6fae00000) (1024K)]
  0x00000202675a4400 JavaThread "Thread-3"                   daemon [_thread_in_native, id=3620, stack(0x000000e6fae00000,0x000000e6faf00000) (1024K)]
  0x00000202675a7f10 JavaThread "Thread-4"                   daemon [_thread_in_native, id=3820, stack(0x000000e6faf00000,0x000000e6fb000000) (1024K)]
  0x00000202675a6b60 JavaThread "Thread-5"                   daemon [_thread_in_native, id=14452, stack(0x000000e6fb000000,0x000000e6fb100000) (1024K)]
  0x00000202675a1ca0 JavaThread "Thread-6"                   daemon [_thread_in_native, id=12320, stack(0x000000e6fb100000,0x000000e6fb200000) (1024K)]
  0x00000202675a5e40 JavaThread "Thread-7"                   daemon [_thread_in_native, id=10552, stack(0x000000e6fb200000,0x000000e6fb300000) (1024K)]
  0x00000202675a29c0 JavaThread "Thread-8"                   daemon [_thread_in_native, id=21560, stack(0x000000e6fb300000,0x000000e6fb400000) (1024K)]
  0x00000202675a3d70 JavaThread "Thread-9"                   daemon [_thread_in_native, id=7796, stack(0x000000e6fb400000,0x000000e6fb500000) (1024K)]
  0x00000202675a5120 JavaThread "pool-2-thread-1"                   [_thread_blocked, id=3348, stack(0x000000e6fb500000,0x000000e6fb600000) (1024K)]
  0x00000202675a8c30 JavaThread "WorkspaceEventsHandler"            [_thread_blocked, id=2352, stack(0x000000e6fb600000,0x000000e6fb700000) (1024K)]
  0x00000202675a57b0 JavaThread "pool-1-thread-1"                   [_thread_blocked, id=7552, stack(0x000000e6fb700000,0x000000e6fb800000) (1024K)]
Total: 34

Other Threads:
  0x000002024abf5bf0 VMThread "VM Thread"                           [id=17096, stack(0x000000e6f8800000,0x000000e6f8900000) (1024K)]
  0x000002024a9cc210 WatcherThread "VM Periodic Task Thread"        [id=23340, stack(0x000000e6f8700000,0x000000e6f8800000) (1024K)]
  0x000002024ab51730 WorkerThread "GC Thread#0"                     [id=18688, stack(0x000000e6f8600000,0x000000e6f8700000) (1024K)]
  0x0000020267931c20 WorkerThread "GC Thread#1"                     [id=13432, stack(0x000000e6f9400000,0x000000e6f9500000) (1024K)]
  0x00000202677212f0 WorkerThread "GC Thread#2"                     [id=13892, stack(0x000000e6f9500000,0x000000e6f9600000) (1024K)]
  0x00000202677216a0 WorkerThread "GC Thread#3"                     [id=11592, stack(0x000000e6f9600000,0x000000e6f9700000) (1024K)]
  0x0000020267721a50 WorkerThread "GC Thread#4"                     [id=3716, stack(0x000000e6f9700000,0x000000e6f9800000) (1024K)]
  0x0000020267721e00 WorkerThread "GC Thread#5"                     [id=816, stack(0x000000e6f9800000,0x000000e6f9900000) (1024K)]
  0x000002026798e550 WorkerThread "GC Thread#6"                     [id=14608, stack(0x000000e6f9900000,0x000000e6f9a00000) (1024K)]
  0x000002024aab5c40 WorkerThread "GC Thread#7"                     [id=9468, stack(0x000000e6f9200000,0x000000e6f9300000) (1024K)]
Total: 10

Threads with active compile tasks:
Total: 0

VM state: not at safepoint (normal execution)

VM Mutex/Monitor currently owned by a thread: None

Heap address: 0x0000000080000000, size: 2048 MB, Compressed Oops mode: 32-bit

CDS archive(s) mapped at: [0x0000020200000000-0x0000020200ba0000-0x0000020205920000), size 93454336, SharedBaseAddress: 0x0000020200000000, ArchiveRelocationMode: 1.
Compressed class space mapped at: 0x0000020206000000-0x0000020246000000, reserved size: 1073741824
Narrow klass base: 0x0000020200000000, Narrow klass shift: 0, Narrow klass range: 0x100000000

GC Precious Log:
 CardTable entry size: 512
 CPUs: 8 total, 8 available
 Memory: 8039M
 Large Page Support: Disabled
 NUMA Support: Disabled
 Compressed Oops: Enabled (32-bit)
 Alignments: Space 512K, Generation 512K, Heap 2M
 Heap Min Capacity: 100M
 Heap Initial Capacity: 100M
 Heap Max Capacity: 2G
 Pre-touch: Disabled
 Parallel Workers: 8

Heap:
 PSYoungGen      total 5632K, used 686K [0x00000000d5580000, 0x00000000d5c80000, 0x0000000100000000)
  eden space 5120K, 3% used [0x00000000d5580000,0x00000000d55ab878,0x00000000d5a80000)
  from space 512K, 100% used [0x00000000d5b00000,0x00000000d5b80000,0x00000000d5b80000)
  to   space 1024K, 0% used [0x00000000d5b80000,0x00000000d5b80000,0x00000000d5c80000)
 ParOldGen       total 216576K, used 216327K [0x0000000080000000, 0x000000008d380000, 0x00000000d5580000)
  object space 216576K, 99% used [0x0000000080000000,0x000000008d341f30,0x000000008d380000)
 Metaspace       used 32038K, committed 33152K, reserved 1114112K
  class space    used 2708K, committed 3200K, reserved 1048576K

Card table byte_map: [0x000002024a4e0000,0x000002024a8f0000] _byte_map_base: 0x000002024a0e0000

Marking Bits: (ParMarkBitMap*) 0x00007ffe97de3450
 Begin Bits: [0x000002025cff0000, 0x000002025eff0000)
 End Bits:   [0x000002025eff0000, 0x0000020260ff0000)

Polling page: 0x0000020248990000

Metaspace:

Usage:
  Non-class:     28.64 MB used.
      Class:      2.64 MB used.
       Both:     31.29 MB used.

Virtual space:
  Non-class space:       64.00 MB reserved,      29.25 MB ( 46%) committed,  1 nodes.
      Class space:        1.00 GB reserved,       3.12 MB ( <1%) committed,  1 nodes.
             Both:        1.06 GB reserved,      32.38 MB (  3%) committed. 

Chunk freelists:
   Non-Class:  2.52 MB
       Class:  12.87 MB
        Both:  15.38 MB

MaxMetaspaceSize: unlimited
CompressedClassSpaceSize: 1.00 GB
Initial GC threshold: 21.00 MB
Current GC threshold: 35.00 MB
CDS: on
 - commit_granule_bytes: 65536.
 - commit_granule_words: 8192.
 - virtual_space_node_default_size: 8388608.
 - enlarge_chunks_in_place: 1.
 - use_allocation_guard: 0.


Internal statistics:

num_allocs_failed_limit: 3.
num_arena_births: 994.
num_arena_deaths: 8.
num_vsnodes_births: 2.
num_vsnodes_deaths: 0.
num_space_committed: 518.
num_space_uncommitted: 0.
num_chunks_returned_to_freelist: 11.
num_chunks_taken_from_freelist: 2704.
num_chunk_merges: 7.
num_chunk_splits: 1604.
num_chunks_enlarged: 863.
num_inconsistent_stats: 0.

CodeHeap 'non-profiled nmethods': size=120000Kb used=10520Kb max_used=10520Kb free=109479Kb
 bounds [0x0000020255810000, 0x0000020256260000, 0x000002025cd40000]
CodeHeap 'profiled nmethods': size=120000Kb used=40437Kb max_used=40437Kb free=79562Kb
 bounds [0x000002024dd40000, 0x00000202504c0000, 0x0000020255270000]
CodeHeap 'non-nmethods': size=5760Kb used=1483Kb max_used=1569Kb free=4276Kb
 bounds [0x0000020255270000, 0x00000202554e0000, 0x0000020255810000]
CodeCache: size=245760Kb, used=52440Kb, max_used=52526Kb, free=193317Kb
 total_blobs=18262, nmethods=17463, adapters=703, full_count=0
Compilation: enabled, stopped_count=0, restarted_count=0

Compilation events (20 events):
Event: 2992.622 Thread 0x000002024aab4db0 17481   !   3       java.util.logging.LogManager::ensureLogManagerInitialized (144 bytes)
Event: 2992.629 Thread 0x000002024aab4db0 nmethod 17481 0x00000202504b9510 code [0x00000202504b9820, 0x00000202504ba940]
Event: 3001.900 Thread 0x000002024aab4db0 17482       3       java.util.concurrent.ThreadPoolExecutor::runStateAtLeast (11 bytes)
Event: 3001.901 Thread 0x000002024aab4db0 nmethod 17482 0x00000202504baf10 code [0x00000202504bb0a0, 0x00000202504bb1e0]
Event: 3020.517 Thread 0x000002024aab4db0 17483       3       org.eclipse.core.runtime.ListenerList$ListenerListIterator::next (39 bytes)
Event: 3020.518 Thread 0x000002024aab4db0 nmethod 17483 0x00000202504bb290 code [0x00000202504bb440, 0x00000202504bb690]
Event: 3061.903 Thread 0x000002024aab4db0 17484       3       java.util.concurrent.ScheduledThreadPoolExecutor::reExecutePeriodic (49 bytes)
Event: 3061.908 Thread 0x000002024aab4db0 nmethod 17484 0x00000202504bb790 code [0x00000202504bb9c0, 0x00000202504bc140]
Event: 3511.937 Thread 0x000002024aab4db0 17485       1       org.eclipse.osgi.internal.location.BasicLocation::isReadOnly (5 bytes)
Event: 3511.938 Thread 0x000002024aab4db0 nmethod 17485 0x0000020256255a90 code [0x0000020256255c20, 0x0000020256255cf0]
Event: 3862.668 Thread 0x000002024aab4db0 17486       1       com.sun.jna.internal.Cleaner::access$200 (5 bytes)
Event: 3862.671 Thread 0x000002024aab4db0 nmethod 17486 0x0000020256255d90 code [0x0000020256255f20, 0x0000020256255fd0]
Event: 3863.132 Thread 0x000002024aab4db0 17487       3       java.lang.ProcessHandleImpl::get (51 bytes)
Event: 3863.142 Thread 0x000002024aab4db0 nmethod 17487 0x00000202504bc390 code [0x00000202504bc5a0, 0x00000202504bcba8]
Event: 3863.142 Thread 0x000002024aab4db0 17488       3       java.lang.ProcessHandleImpl::isAlive (44 bytes)
Event: 3863.143 Thread 0x000002024aab4db0 nmethod 17488 0x00000202504bce10 code [0x00000202504bcfc0, 0x00000202504bd220]
Event: 3920.539 Thread 0x000002024aab4db0 17489       3       sun.security.provider.AbstractDrbg::engineNextBytes (15 bytes)
Event: 3920.542 Thread 0x000002024aab4db0 nmethod 17489 0x00000202504bd310 code [0x00000202504bd4c0, 0x00000202504bd660]
Event: 4051.957 Thread 0x000002024aab3ac0 17490       4       java.util.concurrent.locks.LockSupport::setBlocker (12 bytes)
Event: 4051.963 Thread 0x000002024aab3ac0 nmethod 17490 0x0000020256256090 code [0x0000020256256200, 0x0000020256256288]

GC Heap History (20 events):
Event: 64.523 GC heap before
{Heap before GC invocations=415 (full 1):
 PSYoungGen      total 5632K, used 5344K [0x00000000d5580000, 0x00000000d5d00000, 0x0000000100000000)
  eden space 5120K, 100% used [0x00000000d5580000,0x00000000d5a80000,0x00000000d5a80000)
  from space 512K, 43% used [0x00000000d5c00000,0x00000000d5c38000,0x00000000d5c80000)
  to   space 512K, 0% used [0x00000000d5c80000,0x00000000d5c80000,0x00000000d5d00000)
 ParOldGen       total 213504K, used 213198K [0x0000000080000000, 0x000000008d080000, 0x00000000d5580000)
  object space 213504K, 99% used [0x0000000080000000,0x000000008d033950,0x000000008d080000)
 Metaspace       used 31679K, committed 32768K, reserved 1114112K
  class space    used 2683K, committed 3136K, reserved 1048576K
}
Event: 64.524 GC heap after
{Heap after GC invocations=415 (full 1):
 PSYoungGen      total 5632K, used 344K [0x00000000d5580000, 0x00000000d5d00000, 0x0000000100000000)
  eden space 5120K, 0% used [0x00000000d5580000,0x00000000d5580000,0x00000000d5a80000)
  from space 512K, 67% used [0x00000000d5c80000,0x00000000d5cd6308,0x00000000d5d00000)
  to   space 512K, 0% used [0x00000000d5c00000,0x00000000d5c00000,0x00000000d5c80000)
 ParOldGen       total 213504K, used 213347K [0x0000000080000000, 0x000000008d080000, 0x00000000d5580000)
  object space 213504K, 99% used [0x0000000080000000,0x000000008d058c30,0x000000008d080000)
 Metaspace       used 31679K, committed 32768K, reserved 1114112K
  class space    used 2683K, committed 3136K, reserved 1048576K
}
Event: 64.535 GC heap before
{Heap before GC invocations=416 (full 1):
 PSYoungGen      total 5632K, used 5464K [0x00000000d5580000, 0x00000000d5d00000, 0x0000000100000000)
  eden space 5120K, 100% used [0x00000000d5580000,0x00000000d5a80000,0x00000000d5a80000)
  from space 512K, 67% used [0x00000000d5c80000,0x00000000d5cd6308,0x00000000d5d00000)
  to   space 512K, 0% used [0x00000000d5c00000,0x00000000d5c00000,0x00000000d5c80000)
 ParOldGen       total 213504K, used 213347K [0x0000000080000000, 0x000000008d080000, 0x00000000d5580000)
  object space 213504K, 99% used [0x0000000080000000,0x000000008d058c30,0x000000008d080000)
 Metaspace       used 31683K, committed 32768K, reserved 1114112K
  class space    used 2683K, committed 3136K, reserved 1048576K
}
Event: 64.537 GC heap after
{Heap after GC invocations=416 (full 1):
 PSYoungGen      total 5632K, used 434K [0x00000000d5580000, 0x00000000d5d00000, 0x0000000100000000)
  eden space 5120K, 0% used [0x00000000d5580000,0x00000000d5580000,0x00000000d5a80000)
  from space 512K, 84% used [0x00000000d5c00000,0x00000000d5c6c940,0x00000000d5c80000)
  to   space 512K, 0% used [0x00000000d5c80000,0x00000000d5c80000,0x00000000d5d00000)
 ParOldGen       total 214016K, used 213575K [0x0000000080000000, 0x000000008d100000, 0x00000000d5580000)
  object space 214016K, 99% used [0x0000000080000000,0x000000008d091f20,0x000000008d100000)
 Metaspace       used 31683K, committed 32768K, reserved 1114112K
  class space    used 2683K, committed 3136K, reserved 1048576K
}
Event: 64.547 GC heap before
{Heap before GC invocations=417 (full 1):
 PSYoungGen      total 5632K, used 5554K [0x00000000d5580000, 0x00000000d5d00000, 0x0000000100000000)
  eden space 5120K, 100% used [0x00000000d5580000,0x00000000d5a80000,0x00000000d5a80000)
  from space 512K, 84% used [0x00000000d5c00000,0x00000000d5c6c940,0x00000000d5c80000)
  to   space 512K, 0% used [0x00000000d5c80000,0x00000000d5c80000,0x00000000d5d00000)
 ParOldGen       total 214016K, used 213575K [0x0000000080000000, 0x000000008d100000, 0x00000000d5580000)
  object space 214016K, 99% used [0x0000000080000000,0x000000008d091f20,0x000000008d100000)
 Metaspace       used 31685K, committed 32768K, reserved 1114112K
  class space    used 2684K, committed 3136K, reserved 1048576K
}
Event: 64.549 GC heap after
{Heap after GC invocations=417 (full 1):
 PSYoungGen      total 5632K, used 275K [0x00000000d5580000, 0x00000000d5d00000, 0x0000000100000000)
  eden space 5120K, 0% used [0x00000000d5580000,0x00000000d5580000,0x00000000d5a80000)
  from space 512K, 53% used [0x00000000d5c80000,0x00000000d5cc4fd0,0x00000000d5d00000)
  to   space 512K, 0% used [0x00000000d5c00000,0x00000000d5c00000,0x00000000d5c80000)
 ParOldGen       total 214016K, used 213773K [0x0000000080000000, 0x000000008d100000, 0x00000000d5580000)
  object space 214016K, 99% used [0x0000000080000000,0x000000008d0c3690,0x000000008d100000)
 Metaspace       used 31685K, committed 32768K, reserved 1114112K
  class space    used 2684K, committed 3136K, reserved 1048576K
}
Event: 64.566 GC heap before
{Heap before GC invocations=418 (full 1):
 PSYoungGen      total 5632K, used 5395K [0x00000000d5580000, 0x00000000d5d00000, 0x0000000100000000)
  eden space 5120K, 99% used [0x00000000d5580000,0x00000000d5a7fcb8,0x00000000d5a80000)
  from space 512K, 53% used [0x00000000d5c80000,0x00000000d5cc4fd0,0x00000000d5d00000)
  to   space 512K, 0% used [0x00000000d5c00000,0x00000000d5c00000,0x00000000d5c80000)
 ParOldGen       total 214016K, used 213773K [0x0000000080000000, 0x000000008d100000, 0x00000000d5580000)
  object space 214016K, 99% used [0x0000000080000000,0x000000008d0c3690,0x000000008d100000)
 Metaspace       used 31685K, committed 32768K, reserved 1114112K
  class space    used 2684K, committed 3136K, reserved 1048576K
}
Event: 64.567 GC heap after
{Heap after GC invocations=418 (full 1):
 PSYoungGen      total 5632K, used 355K [0x00000000d5580000, 0x00000000d5d00000, 0x0000000100000000)
  eden space 5120K, 0% used [0x00000000d5580000,0x00000000d5580000,0x00000000d5a80000)
  from space 512K, 69% used [0x00000000d5c00000,0x00000000d5c58db0,0x00000000d5c80000)
  to   space 512K, 0% used [0x00000000d5c80000,0x00000000d5c80000,0x00000000d5d00000)
 ParOldGen       total 214016K, used 213974K [0x0000000080000000, 0x000000008d100000, 0x00000000d5580000)
  object space 214016K, 99% used [0x0000000080000000,0x000000008d0f5838,0x000000008d100000)
 Metaspace       used 31685K, committed 32768K, reserved 1114112K
  class space    used 2684K, committed 3136K, reserved 1048576K
}
Event: 64.581 GC heap before
{Heap before GC invocations=419 (full 1):
 PSYoungGen      total 5632K, used 5475K [0x00000000d5580000, 0x00000000d5d00000, 0x0000000100000000)
  eden space 5120K, 100% used [0x00000000d5580000,0x00000000d5a80000,0x00000000d5a80000)
  from space 512K, 69% used [0x00000000d5c00000,0x00000000d5c58db0,0x00000000d5c80000)
  to   space 512K, 0% used [0x00000000d5c80000,0x00000000d5c80000,0x00000000d5d00000)
 ParOldGen       total 214016K, used 213974K [0x0000000080000000, 0x000000008d100000, 0x00000000d5580000)
  object space 214016K, 99% used [0x0000000080000000,0x000000008d0f5838,0x000000008d100000)
 Metaspace       used 31686K, committed 32768K, reserved 1114112K
  class space    used 2684K, committed 3136K, reserved 1048576K
}
Event: 64.582 GC heap after
{Heap after GC invocations=419 (full 1):
 PSYoungGen      total 5632K, used 341K [0x00000000d5580000, 0x00000000d5d00000, 0x0000000100000000)
  eden space 5120K, 0% used [0x00000000d5580000,0x00000000d5580000,0x00000000d5a80000)
  from space 512K, 66% used [0x00000000d5c80000,0x00000000d5cd54f0,0x00000000d5d00000)
  to   space 512K, 0% used [0x00000000d5c00000,0x00000000d5c00000,0x00000000d5c80000)
 ParOldGen       total 214528K, used 214226K [0x0000000080000000, 0x000000008d180000, 0x00000000d5580000)
  object space 214528K, 99% used [0x0000000080000000,0x000000008d134978,0x000000008d180000)
 Metaspace       used 31686K, committed 32768K, reserved 1114112K
  class space    used 2684K, committed 3136K, reserved 1048576K
}
Event: 64.588 GC heap before
{Heap before GC invocations=420 (full 1):
 PSYoungGen      total 5632K, used 5461K [0x00000000d5580000, 0x00000000d5d00000, 0x0000000100000000)
  eden space 5120K, 100% used [0x00000000d5580000,0x00000000d5a80000,0x00000000d5a80000)
  from space 512K, 66% used [0x00000000d5c80000,0x00000000d5cd54f0,0x00000000d5d00000)
  to   space 512K, 0% used [0x00000000d5c00000,0x00000000d5c00000,0x00000000d5c80000)
 ParOldGen       total 214528K, used 214226K [0x0000000080000000, 0x000000008d180000, 0x00000000d5580000)
  object space 214528K, 99% used [0x0000000080000000,0x000000008d134978,0x000000008d180000)
 Metaspace       used 31686K, committed 32768K, reserved 1114112K
  class space    used 2684K, committed 3136K, reserved 1048576K
}
Event: 64.589 GC heap after
{Heap after GC invocations=420 (full 1):
 PSYoungGen      total 5632K, used 224K [0x00000000d5580000, 0x00000000d5d00000, 0x0000000100000000)
  eden space 5120K, 0% used [0x00000000d5580000,0x00000000d5580000,0x00000000d5a80000)
  from space 512K, 43% used [0x00000000d5c00000,0x00000000d5c38000,0x00000000d5c80000)
  to   space 512K, 0% used [0x00000000d5c80000,0x00000000d5c80000,0x00000000d5d00000)
 ParOldGen       total 214528K, used 214455K [0x0000000080000000, 0x000000008d180000, 0x00000000d5580000)
  object space 214528K, 99% used [0x0000000080000000,0x000000008d16dcd8,0x000000008d180000)
 Metaspace       used 31686K, committed 32768K, reserved 1114112K
  class space    used 2684K, committed 3136K, reserved 1048576K
}
Event: 64.600 GC heap before
{Heap before GC invocations=421 (full 1):
 PSYoungGen      total 5632K, used 5344K [0x00000000d5580000, 0x00000000d5d00000, 0x0000000100000000)
  eden space 5120K, 100% used [0x00000000d5580000,0x00000000d5a80000,0x00000000d5a80000)
  from space 512K, 43% used [0x00000000d5c00000,0x00000000d5c38000,0x00000000d5c80000)
  to   space 512K, 0% used [0x00000000d5c80000,0x00000000d5c80000,0x00000000d5d00000)
 ParOldGen       total 214528K, used 214455K [0x0000000080000000, 0x000000008d180000, 0x00000000d5580000)
  object space 214528K, 99% used [0x0000000080000000,0x000000008d16dcd8,0x000000008d180000)
 Metaspace       used 31686K, committed 32768K, reserved 1114112K
  class space    used 2684K, committed 3136K, reserved 1048576K
}
Event: 64.601 GC heap after
{Heap after GC invocations=421 (full 1):
 PSYoungGen      total 5632K, used 493K [0x00000000d5580000, 0x00000000d5d00000, 0x0000000100000000)
  eden space 5120K, 0% used [0x00000000d5580000,0x00000000d5580000,0x00000000d5a80000)
  from space 512K, 96% used [0x00000000d5c80000,0x00000000d5cfb7b0,0x00000000d5d00000)
  to   space 1024K, 0% used [0x00000000d5b00000,0x00000000d5b00000,0x00000000d5c00000)
 ParOldGen       total 215040K, used 214583K [0x0000000080000000, 0x000000008d200000, 0x00000000d5580000)
  object space 215040K, 99% used [0x0000000080000000,0x000000008d18dcd8,0x000000008d200000)
 Metaspace       used 31686K, committed 32768K, reserved 1114112K
  class space    used 2684K, committed 3136K, reserved 1048576K
}
Event: 64.626 GC heap before
{Heap before GC invocations=422 (full 1):
 PSYoungGen      total 5632K, used 5613K [0x00000000d5580000, 0x00000000d5d00000, 0x0000000100000000)
  eden space 5120K, 100% used [0x00000000d5580000,0x00000000d5a80000,0x00000000d5a80000)
  from space 512K, 96% used [0x00000000d5c80000,0x00000000d5cfb7b0,0x00000000d5d00000)
  to   space 1024K, 0% used [0x00000000d5b00000,0x00000000d5b00000,0x00000000d5c00000)
 ParOldGen       total 215040K, used 214583K [0x0000000080000000, 0x000000008d200000, 0x00000000d5580000)
  object space 215040K, 99% used [0x0000000080000000,0x000000008d18dcd8,0x000000008d200000)
 Metaspace       used 31748K, committed 32832K, reserved 1114112K
  class space    used 2697K, committed 3136K, reserved 1048576K
}
Event: 64.628 GC heap after
{Heap after GC invocations=422 (full 1):
 PSYoungGen      total 6144K, used 816K [0x00000000d5580000, 0x00000000d5d00000, 0x0000000100000000)
  eden space 5120K, 0% used [0x00000000d5580000,0x00000000d5580000,0x00000000d5a80000)
  from space 1024K, 79% used [0x00000000d5b00000,0x00000000d5bcc010,0x00000000d5c00000)
  to   space 1024K, 0% used [0x00000000d5c00000,0x00000000d5c00000,0x00000000d5d00000)
 ParOldGen       total 215040K, used 214917K [0x0000000080000000, 0x000000008d200000, 0x00000000d5580000)
  object space 215040K, 99% used [0x0000000080000000,0x000000008d1e1540,0x000000008d200000)
 Metaspace       used 31748K, committed 32832K, reserved 1114112K
  class space    used 2697K, committed 3136K, reserved 1048576K
}
Event: 64.656 GC heap before
{Heap before GC invocations=423 (full 1):
 PSYoungGen      total 6144K, used 5936K [0x00000000d5580000, 0x00000000d5d00000, 0x0000000100000000)
  eden space 5120K, 100% used [0x00000000d5580000,0x00000000d5a80000,0x00000000d5a80000)
  from space 1024K, 79% used [0x00000000d5b00000,0x00000000d5bcc010,0x00000000d5c00000)
  to   space 1024K, 0% used [0x00000000d5c00000,0x00000000d5c00000,0x00000000d5d00000)
 ParOldGen       total 215040K, used 214917K [0x0000000080000000, 0x000000008d200000, 0x00000000d5580000)
  object space 215040K, 99% used [0x0000000080000000,0x000000008d1e1540,0x000000008d200000)
 Metaspace       used 31792K, committed 32896K, reserved 1114112K
  class space    used 2697K, committed 3136K, reserved 1048576K
}
Event: 64.657 GC heap after
{Heap after GC invocations=423 (full 1):
 PSYoungGen      total 6144K, used 868K [0x00000000d5580000, 0x00000000d5d00000, 0x0000000100000000)
  eden space 5120K, 0% used [0x00000000d5580000,0x00000000d5580000,0x00000000d5a80000)
  from space 1024K, 84% used [0x00000000d5c00000,0x00000000d5cd9210,0x00000000d5d00000)
  to   space 1024K, 0% used [0x00000000d5b00000,0x00000000d5b00000,0x00000000d5c00000)
 ParOldGen       total 216064K, used 215597K [0x0000000080000000, 0x000000008d300000, 0x00000000d5580000)
  object space 216064K, 99% used [0x0000000080000000,0x000000008d28b580,0x000000008d300000)
 Metaspace       used 31792K, committed 32896K, reserved 1114112K
  class space    used 2697K, committed 3136K, reserved 1048576K
}
Event: 1342.710 GC heap before
{Heap before GC invocations=424 (full 1):
 PSYoungGen      total 6144K, used 5988K [0x00000000d5580000, 0x00000000d5d00000, 0x0000000100000000)
  eden space 5120K, 100% used [0x00000000d5580000,0x00000000d5a80000,0x00000000d5a80000)
  from space 1024K, 84% used [0x00000000d5c00000,0x00000000d5cd9210,0x00000000d5d00000)
  to   space 1024K, 0% used [0x00000000d5b00000,0x00000000d5b00000,0x00000000d5c00000)
 ParOldGen       total 216064K, used 215597K [0x0000000080000000, 0x000000008d300000, 0x00000000d5580000)
  object space 216064K, 99% used [0x0000000080000000,0x000000008d28b580,0x000000008d300000)
 Metaspace       used 32008K, committed 33152K, reserved 1114112K
  class space    used 2708K, committed 3200K, reserved 1048576K
}
Event: 1342.783 GC heap after
{Heap after GC invocations=424 (full 1):
 PSYoungGen      total 5632K, used 512K [0x00000000d5580000, 0x00000000d5c80000, 0x0000000100000000)
  eden space 5120K, 0% used [0x00000000d5580000,0x00000000d5580000,0x00000000d5a80000)
  from space 512K, 100% used [0x00000000d5b00000,0x00000000d5b80000,0x00000000d5b80000)
  to   space 1024K, 0% used [0x00000000d5b80000,0x00000000d5b80000,0x00000000d5c80000)
 ParOldGen       total 216576K, used 216327K [0x0000000080000000, 0x000000008d380000, 0x00000000d5580000)
  object space 216576K, 99% used [0x0000000080000000,0x000000008d341f30,0x000000008d380000)
 Metaspace       used 32008K, committed 33152K, reserved 1114112K
  class space    used 2708K, committed 3200K, reserved 1048576K
}

Dll operation events (12 events):
Event: 0.364 Loaded shared library c:\Users\Admin\.vscode\extensions\redhat.java-1.55.2026041708-win32-x64\jre\21.0.10-win32-x86_64\bin\java.dll
Event: 0.591 Loaded shared library c:\Users\Admin\.vscode\extensions\redhat.java-1.55.2026041708-win32-x64\jre\21.0.10-win32-x86_64\bin\zip.dll
Event: 0.596 Loaded shared library C:\Users\Admin\.vscode\extensions\redhat.java-1.55.2026041708-win32-x64\jre\21.0.10-win32-x86_64\bin\instrument.dll
Event: 0.665 Loaded shared library C:\Users\Admin\.vscode\extensions\redhat.java-1.55.2026041708-win32-x64\jre\21.0.10-win32-x86_64\bin\net.dll
Event: 0.720 Loaded shared library C:\Users\Admin\.vscode\extensions\redhat.java-1.55.2026041708-win32-x64\jre\21.0.10-win32-x86_64\bin\nio.dll
Event: 0.722 Loaded shared library C:\Users\Admin\.vscode\extensions\redhat.java-1.55.2026041708-win32-x64\jre\21.0.10-win32-x86_64\bin\zip.dll
Event: 0.735 Loaded shared library C:\Users\Admin\.vscode\extensions\redhat.java-1.55.2026041708-win32-x64\jre\21.0.10-win32-x86_64\bin\jimage.dll
Event: 0.830 Loaded shared library c:\Users\Admin\.vscode\extensions\redhat.java-1.55.2026041708-win32-x64\jre\21.0.10-win32-x86_64\bin\verify.dll
Event: 11.325 Loaded shared library C:\Users\Admin\AppData\Roaming\Code\User\globalStorage\redhat.java\1.55.2026041708\config_win\org.eclipse.equinox.launcher\org.eclipse.equinox.launcher.win32.win32.x86_64_1.3.0.v20260203-2149\eclipse_11919.dll
Event: 20.117 Loaded shared library C:\Users\Admin\AppData\Local\Temp\jna-63116079\jna16907030236033610203.dll
Event: 34.522 Loaded shared library C:\Users\Admin\.vscode\extensions\redhat.java-1.55.2026041708-win32-x64\jre\21.0.10-win32-x86_64\bin\extnet.dll
Event: 34.866 Loaded shared library C:\Users\Admin\.vscode\extensions\redhat.java-1.55.2026041708-win32-x64\jre\21.0.10-win32-x86_64\bin\sunmscapi.dll

Deoptimization events (20 events):
Event: 321.771 Thread 0x00000202677c2270 Uncommon trap: trap_request=0xffffffde fr.pc=0x0000020255c0d7a0 relative=0x00000000000003e0
Event: 321.771 Thread 0x00000202677c2270 Uncommon trap: reason=class_check action=maybe_recompile pc=0x0000020255c0d7a0 method=java.io.DataOutputStream.writeInt(I)V @ 19 c2
Event: 321.771 Thread 0x00000202677c2270 DEOPT PACKING pc=0x0000020255c0d7a0 sp=0x000000e6fa2febe0
Event: 321.771 Thread 0x00000202677c2270 DEOPT UNPACKING pc=0x00000202552c3aa2 sp=0x000000e6fa2feb88 mode 2
Event: 321.771 Thread 0x00000202677c2270 Uncommon trap: trap_request=0xffffffde fr.pc=0x0000020255c07e4c relative=0x0000000000000d0c
Event: 321.771 Thread 0x00000202677c2270 Uncommon trap: reason=class_check action=maybe_recompile pc=0x0000020255c07e4c method=java.io.DataOutputStream.write([BII)V @ 7 c2
Event: 321.771 Thread 0x00000202677c2270 DEOPT PACKING pc=0x0000020255c07e4c sp=0x000000e6fa2fed10
Event: 321.771 Thread 0x00000202677c2270 DEOPT UNPACKING pc=0x00000202552c3aa2 sp=0x000000e6fa2fec40 mode 2
Event: 321.790 Thread 0x00000202677c2270 Uncommon trap: trap_request=0xffffff45 fr.pc=0x000002025601610c relative=0x00000000000002cc
Event: 321.790 Thread 0x00000202677c2270 Uncommon trap: reason=unstable_if action=reinterpret pc=0x000002025601610c method=org.eclipse.core.internal.localstore.FileSystemResourceManager.getStoreRoot(Lorg/eclipse/core/resources/IResource;)Lorg/eclipse/core/internal/localstore/FileStoreRoot; @ 33 
Event: 321.790 Thread 0x00000202677c2270 DEOPT PACKING pc=0x000002025601610c sp=0x000000e6fa2ff080
Event: 321.790 Thread 0x00000202677c2270 DEOPT UNPACKING pc=0x00000202552c3aa2 sp=0x000000e6fa2ff010 mode 2
Event: 321.792 Thread 0x00000202677c2270 Uncommon trap: trap_request=0xffffffc6 fr.pc=0x0000020255dd2898 relative=0x0000000000005958
Event: 321.792 Thread 0x00000202677c2270 Uncommon trap: reason=bimorphic_or_optimized_type_check action=maybe_recompile pc=0x0000020255dd2898 method=java.util.Properties.load0(Ljava/util/Properties$LineReader;)V @ 241 c2
Event: 321.792 Thread 0x00000202677c2270 DEOPT PACKING pc=0x0000020255dd2898 sp=0x000000e6fa2fef90
Event: 321.792 Thread 0x00000202677c2270 DEOPT UNPACKING pc=0x00000202552c3aa2 sp=0x000000e6fa2fefc0 mode 2
Event: 321.793 Thread 0x00000202677c2270 Uncommon trap: trap_request=0xffffffc6 fr.pc=0x0000020255d78724 relative=0x0000000000005b64
Event: 321.793 Thread 0x00000202677c2270 Uncommon trap: reason=bimorphic_or_optimized_type_check action=maybe_recompile pc=0x0000020255d78724 method=java.util.Properties.load0(Ljava/util/Properties$LineReader;)V @ 241 c2
Event: 321.793 Thread 0x00000202677c2270 DEOPT PACKING pc=0x0000020255d78724 sp=0x000000e6fa2fef90
Event: 321.793 Thread 0x00000202677c2270 DEOPT UNPACKING pc=0x00000202552c3aa2 sp=0x000000e6fa2fefc0 mode 2

Classes loaded (20 events):
Event: 35.557 Loading class jdk/internal/event/TLSHandshakeEvent
Event: 35.557 Loading class jdk/internal/event/TLSHandshakeEvent done
Event: 35.850 Loading class java/nio/HeapByteBufferR
Event: 35.851 Loading class java/nio/HeapByteBufferR done
Event: 38.142 Loading class java/util/concurrent/ConcurrentLinkedQueue$Itr
Event: 38.142 Loading class java/util/concurrent/ConcurrentLinkedQueue$Itr done
Event: 45.901 Loading class jdk/internal/module/IllegalAccessLogger
Event: 45.901 Loading class jdk/internal/module/IllegalAccessLogger done
Event: 48.284 Loading class jdk/internal/module/IllegalAccessLogger
Event: 48.284 Loading class jdk/internal/module/IllegalAccessLogger done
Event: 53.065 Loading class com/sun/crypto/provider/HmacCore$HmacSHA256
Event: 53.065 Loading class com/sun/crypto/provider/HmacCore$HmacSHA256 done
Event: 57.202 Loading class jdk/internal/module/IllegalAccessLogger
Event: 57.202 Loading class jdk/internal/module/IllegalAccessLogger done
Event: 57.698 Loading class jdk/internal/module/IllegalAccessLogger
Event: 57.698 Loading class jdk/internal/module/IllegalAccessLogger done
Event: 59.470 Loading class jdk/internal/module/IllegalAccessLogger
Event: 59.470 Loading class jdk/internal/module/IllegalAccessLogger done
Event: 59.773 Loading class jdk/internal/module/IllegalAccessLogger
Event: 59.773 Loading class jdk/internal/module/IllegalAccessLogger done

Classes unloaded (4 events):
Event: 33.788 Thread 0x000002024abf5bf0 Unloading class 0x00000202060ebc00 'java/lang/invoke/LambdaForm$MH+0x00000202060ebc00'
Event: 33.788 Thread 0x000002024abf5bf0 Unloading class 0x00000202060eb800 'java/lang/invoke/LambdaForm$MH+0x00000202060eb800'
Event: 33.788 Thread 0x000002024abf5bf0 Unloading class 0x00000202060eb400 'java/lang/invoke/LambdaForm$MH+0x00000202060eb400'
Event: 33.788 Thread 0x000002024abf5bf0 Unloading class 0x00000202060eb000 'java/lang/invoke/LambdaForm$MH+0x00000202060eb000'

Classes redefined (0 events):
No events

Internal exceptions (20 events):
Event: 64.224 Thread 0x0000020269f109b0 Exception <a 'sun/nio/fs/WindowsException'{0x00000000d58b8fd0}> (0x00000000d58b8fd0) 
thrown [s\src\hotspot\share\prims\jni.cpp, line 520]
Event: 64.224 Thread 0x0000020269f109b0 Exception <a 'sun/nio/fs/WindowsException'{0x00000000d58f1778}> (0x00000000d58f1778) 
thrown [s\src\hotspot\share\prims\jni.cpp, line 520]
Event: 64.224 Thread 0x0000020269f109b0 Exception <a 'sun/nio/fs/WindowsException'{0x00000000d58f2460}> (0x00000000d58f2460) 
thrown [s\src\hotspot\share\prims\jni.cpp, line 520]
Event: 64.224 Thread 0x0000020269f109b0 Exception <a 'sun/nio/fs/WindowsException'{0x00000000d592fff8}> (0x00000000d592fff8) 
thrown [s\src\hotspot\share\prims\jni.cpp, line 520]
Event: 64.225 Thread 0x0000020269f109b0 Exception <a 'sun/nio/fs/WindowsException'{0x00000000d5965578}> (0x00000000d5965578) 
thrown [s\src\hotspot\share\prims\jni.cpp, line 520]
Event: 64.225 Thread 0x0000020269f109b0 Exception <a 'sun/nio/fs/WindowsException'{0x00000000d5965e58}> (0x00000000d5965e58) 
thrown [s\src\hotspot\share\prims\jni.cpp, line 520]
Event: 64.229 Thread 0x0000020269f109b0 Exception <a 'sun/nio/fs/WindowsException'{0x00000000d564c328}> (0x00000000d564c328) 
thrown [s\src\hotspot\share\prims\jni.cpp, line 520]
Event: 64.229 Thread 0x0000020269f109b0 Exception <a 'sun/nio/fs/WindowsException'{0x00000000d564cc08}> (0x00000000d564cc08) 
thrown [s\src\hotspot\share\prims\jni.cpp, line 520]
Event: 321.714 Thread 0x00000202677c2270 Exception <a 'sun/nio/fs/WindowsException'{0x00000000d58944e0}> (0x00000000d58944e0) 
thrown [s\src\hotspot\share\prims\jni.cpp, line 520]
Event: 321.714 Thread 0x00000202677c2270 Exception <a 'sun/nio/fs/WindowsException'{0x00000000d5894dc0}> (0x00000000d5894dc0) 
thrown [s\src\hotspot\share\prims\jni.cpp, line 520]
Event: 321.716 Thread 0x00000202677c2270 Exception <a 'sun/nio/fs/WindowsException'{0x00000000d589e228}> (0x00000000d589e228) 
thrown [s\src\hotspot\share\prims\jni.cpp, line 520]
Event: 321.716 Thread 0x00000202677c2270 Exception <a 'sun/nio/fs/WindowsException'{0x00000000d58a21e8}> (0x00000000d58a21e8) 
thrown [s\src\hotspot\share\prims\jni.cpp, line 520]
Event: 321.718 Thread 0x00000202677c2270 Exception <a 'sun/nio/fs/WindowsException'{0x00000000d58a9288}> (0x00000000d58a9288) 
thrown [s\src\hotspot\share\prims\jni.cpp, line 520]
Event: 321.718 Thread 0x00000202677c2270 Exception <a 'sun/nio/fs/WindowsException'{0x00000000d58a9e28}> (0x00000000d58a9e28) 
thrown [s\src\hotspot\share\prims\jni.cpp, line 520]
Event: 321.719 Thread 0x00000202677c2270 Exception <a 'sun/nio/fs/WindowsException'{0x00000000d58af008}> (0x00000000d58af008) 
thrown [s\src\hotspot\share\prims\jni.cpp, line 520]
Event: 321.720 Thread 0x00000202677c2270 Exception <a 'sun/nio/fs/WindowsException'{0x00000000d58af8e8}> (0x00000000d58af8e8) 
thrown [s\src\hotspot\share\prims\jni.cpp, line 520]
Event: 321.720 Thread 0x00000202677c2270 Exception <a 'sun/nio/fs/WindowsException'{0x00000000d58b1788}> (0x00000000d58b1788) 
thrown [s\src\hotspot\share\prims\jni.cpp, line 520]
Event: 321.720 Thread 0x00000202677c2270 Exception <a 'sun/nio/fs/WindowsException'{0x00000000d58b2068}> (0x00000000d58b2068) 
thrown [s\src\hotspot\share\prims\jni.cpp, line 520]
Event: 321.721 Thread 0x00000202677c2270 Implicit null exception at 0x0000020255cbdb09 to 0x0000020255cbdea8
Event: 321.760 Thread 0x00000202677c2270 Exception <a 'java/lang/NoSuchMethodError'{0x00000000d59bc4b8}: static [J.<clinit>()V> (0x00000000d59bc4b8) 
thrown [s\src\hotspot\share\prims\jni.cpp, line 1111]

ZGC Phase Switch (0 events):
No events

VM Operations (20 events):
Event: 4150.041 Executing non-safepoint VM operation: HandshakeAllThreads (HandshakeForDeflation)
Event: 4150.041 Executing non-safepoint VM operation: HandshakeAllThreads (HandshakeForDeflation) done
Event: 4150.042 Executing non-safepoint VM operation: RendezvousGCThreads
Event: 4150.042 Executing non-safepoint VM operation: RendezvousGCThreads done
Event: 4210.230 Executing non-safepoint VM operation: HandshakeAllThreads (HandshakeForDeflation)
Event: 4210.230 Executing non-safepoint VM operation: HandshakeAllThreads (HandshakeForDeflation) done
Event: 4210.230 Executing non-safepoint VM operation: RendezvousGCThreads
Event: 4210.230 Executing non-safepoint VM operation: RendezvousGCThreads done
Event: 4330.384 Executing non-safepoint VM operation: HandshakeAllThreads (HandshakeForDeflation)
Event: 4330.384 Executing non-safepoint VM operation: HandshakeAllThreads (HandshakeForDeflation) done
Event: 4330.384 Executing non-safepoint VM operation: RendezvousGCThreads
Event: 4330.384 Executing non-safepoint VM operation: RendezvousGCThreads done
Event: 4450.766 Executing non-safepoint VM operation: HandshakeAllThreads (HandshakeForDeflation)
Event: 4450.767 Executing non-safepoint VM operation: HandshakeAllThreads (HandshakeForDeflation) done
Event: 4450.767 Executing non-safepoint VM operation: RendezvousGCThreads
Event: 4450.767 Executing non-safepoint VM operation: RendezvousGCThreads done
Event: 4510.789 Executing non-safepoint VM operation: HandshakeAllThreads (HandshakeForDeflation)
Event: 4510.789 Executing non-safepoint VM operation: HandshakeAllThreads (HandshakeForDeflation) done
Event: 4510.789 Executing non-safepoint VM operation: RendezvousGCThreads
Event: 4510.789 Executing non-safepoint VM operation: RendezvousGCThreads done

Memory protections (0 events):
No events

Nmethod flushes (0 events):
No events

Events (20 events):
Event: 321.945 Thread 0x000002026729dc30 Thread exited: 0x000002026729dc30
Event: 359.378 Thread 0x0000020268b066d0 Thread exited: 0x0000020268b066d0
Event: 359.386 Thread 0x0000020268b0c2b0 Thread exited: 0x0000020268b0c2b0
Event: 359.393 Thread 0x0000020268b08110 Thread exited: 0x0000020268b08110
Event: 359.393 Thread 0x0000020268b06d60 Thread exited: 0x0000020268b06d60
Event: 359.394 Thread 0x0000020268b04c90 Thread exited: 0x0000020268b04c90
Event: 359.559 Thread 0x0000020269f15f00 Thread exited: 0x0000020269f15f00
Event: 359.577 Thread 0x0000020268b09b50 Thread exited: 0x0000020268b09b50
Event: 359.588 Thread 0x0000020269f15870 Thread exited: 0x0000020269f15870
Event: 359.601 Thread 0x0000020268b059b0 Thread exited: 0x0000020268b059b0
Event: 359.620 Thread 0x0000020269f123f0 Thread exited: 0x0000020269f123f0
Event: 359.628 Thread 0x00000202675a85a0 Thread exited: 0x00000202675a85a0
Event: 359.639 Thread 0x0000020268b073f0 Thread exited: 0x0000020268b073f0
Event: 359.778 Thread 0x0000020269f12a80 Thread exited: 0x0000020269f12a80
Event: 364.634 Thread 0x0000020269f151e0 Thread exited: 0x0000020269f151e0
Event: 419.629 Thread 0x0000020268b0a1e0 Thread exited: 0x0000020268b0a1e0
Event: 424.635 Thread 0x0000020269f16590 Thread exited: 0x0000020269f16590
Event: 479.630 Thread 0x0000020268b094c0 Thread exited: 0x0000020268b094c0
Event: 484.636 Thread 0x0000020269f0f600 Thread exited: 0x0000020269f0f600
Event: 539.630 Thread 0x0000020268b07a80 Thread exited: 0x0000020268b07a80


Dynamic libraries:
0x00007ff635e60000 - 0x00007ff635e6e000 	c:\Users\Admin\.vscode\extensions\redhat.java-1.55.2026041708-win32-x64\jre\21.0.10-win32-x86_64\bin\java.exe
0x00007fff15510000 - 0x00007fff15708000 	C:\WINDOWS\SYSTEM32\ntdll.dll
0x00007fff14280000 - 0x00007fff14342000 	C:\WINDOWS\System32\KERNEL32.DLL
0x00007fff12ba0000 - 0x00007fff12e96000 	C:\WINDOWS\System32\KERNELBASE.dll
0x00007fff12ea0000 - 0x00007fff12fa0000 	C:\WINDOWS\System32\ucrtbase.dll
0x00007ffeea2d0000 - 0x00007ffeea2e8000 	c:\Users\Admin\.vscode\extensions\redhat.java-1.55.2026041708-win32-x64\jre\21.0.10-win32-x86_64\bin\jli.dll
0x00007ffee8500000 - 0x00007ffee851e000 	c:\Users\Admin\.vscode\extensions\redhat.java-1.55.2026041708-win32-x64\jre\21.0.10-win32-x86_64\bin\VCRUNTIME140.dll
0x00007fff13d70000 - 0x00007fff13f11000 	C:\WINDOWS\System32\USER32.dll
0x00007fff018e0000 - 0x00007fff01b7b000 	C:\WINDOWS\WinSxS\amd64_microsoft.windows.common-controls_6595b64144ccf1df_6.0.19041.6456_none_60b8a6cb71f64256\COMCTL32.dll
0x00007fff13500000 - 0x00007fff13522000 	C:\WINDOWS\System32\win32u.dll
0x00007fff13cb0000 - 0x00007fff13cdb000 	C:\WINDOWS\System32\GDI32.dll
0x00007fff13530000 - 0x00007fff135ce000 	C:\WINDOWS\System32\msvcrt.dll
0x00007fff13340000 - 0x00007fff13459000 	C:\WINDOWS\System32\gdi32full.dll
0x00007fff13460000 - 0x00007fff134fd000 	C:\WINDOWS\System32\msvcp_win.dll
0x00007fff14350000 - 0x00007fff1437f000 	C:\WINDOWS\System32\IMM32.DLL
0x00007fff0e6e0000 - 0x00007fff0e6ec000 	c:\Users\Admin\.vscode\extensions\redhat.java-1.55.2026041708-win32-x64\jre\21.0.10-win32-x86_64\bin\vcruntime140_1.dll
0x00007ffedd080000 - 0x00007ffedd10d000 	c:\Users\Admin\.vscode\extensions\redhat.java-1.55.2026041708-win32-x64\jre\21.0.10-win32-x86_64\bin\msvcp140.dll
0x00007ffe97120000 - 0x00007ffe97ec1000 	c:\Users\Admin\.vscode\extensions\redhat.java-1.55.2026041708-win32-x64\jre\21.0.10-win32-x86_64\bin\server\jvm.dll
0x00007fff143e0000 - 0x00007fff14491000 	C:\WINDOWS\System32\ADVAPI32.dll
0x00007fff13950000 - 0x00007fff139ef000 	C:\WINDOWS\System32\sechost.dll
0x00007fff15220000 - 0x00007fff15340000 	C:\WINDOWS\System32\RPCRT4.dll
0x00007fff130a0000 - 0x00007fff130c7000 	C:\WINDOWS\System32\bcrypt.dll
0x00007fff138e0000 - 0x00007fff1394b000 	C:\WINDOWS\System32\WS2_32.dll
0x00007fff120f0000 - 0x00007fff1213b000 	C:\WINDOWS\SYSTEM32\POWRPROF.dll
0x00007fff0afd0000 - 0x00007fff0afda000 	C:\WINDOWS\SYSTEM32\VERSION.dll
0x00007fff025b0000 - 0x00007fff025d7000 	C:\WINDOWS\SYSTEM32\WINMM.dll
0x00007fff11f60000 - 0x00007fff11f72000 	C:\WINDOWS\SYSTEM32\UMPDC.dll
0x00007fff11370000 - 0x00007fff11382000 	C:\WINDOWS\SYSTEM32\kernel.appcore.dll
0x00007fff0d950000 - 0x00007fff0d95a000 	c:\Users\Admin\.vscode\extensions\redhat.java-1.55.2026041708-win32-x64\jre\21.0.10-win32-x86_64\bin\jimage.dll
0x00007fff10890000 - 0x00007fff10a91000 	C:\WINDOWS\SYSTEM32\DBGHELP.DLL
0x00007ffeff7d0000 - 0x00007ffeff804000 	C:\WINDOWS\SYSTEM32\dbgcore.DLL
0x00007fff130d0000 - 0x00007fff13152000 	C:\WINDOWS\System32\bcryptPrimitives.dll
0x00007fff0f900000 - 0x00007fff0f90f000 	c:\Users\Admin\.vscode\extensions\redhat.java-1.55.2026041708-win32-x64\jre\21.0.10-win32-x86_64\bin\instrument.dll
0x00007ffee77f0000 - 0x00007ffee7810000 	c:\Users\Admin\.vscode\extensions\redhat.java-1.55.2026041708-win32-x64\jre\21.0.10-win32-x86_64\bin\java.dll
0x00007fff149e0000 - 0x00007fff15150000 	C:\WINDOWS\System32\SHELL32.dll
0x00007fff10aa0000 - 0x00007fff11245000 	C:\WINDOWS\SYSTEM32\windows.storage.dll
0x00007fff13f20000 - 0x00007fff14274000 	C:\WINDOWS\System32\combase.dll
0x00007fff124f0000 - 0x00007fff1251b000 	C:\WINDOWS\SYSTEM32\Wldp.dll
0x00007fff144a0000 - 0x00007fff1456d000 	C:\WINDOWS\System32\OLEAUT32.dll
0x00007fff15150000 - 0x00007fff151fd000 	C:\WINDOWS\System32\SHCORE.dll
0x00007fff139f0000 - 0x00007fff13a4b000 	C:\WINDOWS\System32\shlwapi.dll
0x00007fff12ad0000 - 0x00007fff12af4000 	C:\WINDOWS\SYSTEM32\profapi.dll
0x00007ffee73a0000 - 0x00007ffee73b8000 	c:\Users\Admin\.vscode\extensions\redhat.java-1.55.2026041708-win32-x64\jre\21.0.10-win32-x86_64\bin\zip.dll
0x00007fff0ebd0000 - 0x00007fff0ebe0000 	C:\Users\Admin\.vscode\extensions\redhat.java-1.55.2026041708-win32-x64\jre\21.0.10-win32-x86_64\bin\net.dll
0x00007fff0e9a0000 - 0x00007fff0eaaa000 	C:\WINDOWS\SYSTEM32\WINHTTP.dll
0x00007fff122d0000 - 0x00007fff1233a000 	C:\WINDOWS\system32\mswsock.dll
0x00007ffef9a90000 - 0x00007ffef9aa6000 	C:\Users\Admin\.vscode\extensions\redhat.java-1.55.2026041708-win32-x64\jre\21.0.10-win32-x86_64\bin\nio.dll
0x00007fff0e6a0000 - 0x00007fff0e6b0000 	c:\Users\Admin\.vscode\extensions\redhat.java-1.55.2026041708-win32-x64\jre\21.0.10-win32-x86_64\bin\verify.dll
0x00007ffee7dc0000 - 0x00007ffee7e05000 	C:\Users\Admin\AppData\Roaming\Code\User\globalStorage\redhat.java\1.55.2026041708\config_win\org.eclipse.equinox.launcher\org.eclipse.equinox.launcher.win32.win32.x86_64_1.3.0.v20260203-2149\eclipse_11919.dll
0x00007fff15340000 - 0x00007fff1546b000 	C:\WINDOWS\System32\ole32.dll
0x00007fff12530000 - 0x00007fff12548000 	C:\WINDOWS\SYSTEM32\CRYPTSP.dll
0x00007fff11ba0000 - 0x00007fff11bd8000 	C:\WINDOWS\system32\rsaenh.dll
0x00007fff12a90000 - 0x00007fff12abe000 	C:\WINDOWS\SYSTEM32\USERENV.dll
0x00007fff12460000 - 0x00007fff1246c000 	C:\WINDOWS\SYSTEM32\CRYPTBASE.dll
0x00007fff11f80000 - 0x00007fff11fbb000 	C:\WINDOWS\SYSTEM32\IPHLPAPI.DLL
0x00007fff13860000 - 0x00007fff13868000 	C:\WINDOWS\System32\NSI.dll
0x00007ffee34b0000 - 0x00007ffee34f9000 	C:\Users\Admin\AppData\Local\Temp\jna-63116079\jna16907030236033610203.dll
0x00007fff13870000 - 0x00007fff13878000 	C:\WINDOWS\System32\PSAPI.DLL
0x00007fff0f390000 - 0x00007fff0f3a7000 	C:\WINDOWS\SYSTEM32\dhcpcsvc6.DLL
0x00007fff0f370000 - 0x00007fff0f38d000 	C:\WINDOWS\SYSTEM32\dhcpcsvc.DLL
0x00007fff11fc0000 - 0x00007fff1208a000 	C:\WINDOWS\SYSTEM32\DNSAPI.dll
0x00007fff0be30000 - 0x00007fff0be3a000 	C:\Windows\System32\rasadhlp.dll
0x00007fff0b070000 - 0x00007fff0b0f0000 	C:\WINDOWS\System32\fwpuclnt.dll
0x00007fff0f8b0000 - 0x00007fff0f8b9000 	C:\Users\Admin\.vscode\extensions\redhat.java-1.55.2026041708-win32-x64\jre\21.0.10-win32-x86_64\bin\extnet.dll
0x00007fff0ebf0000 - 0x00007fff0ebfe000 	C:\Users\Admin\.vscode\extensions\redhat.java-1.55.2026041708-win32-x64\jre\21.0.10-win32-x86_64\bin\sunmscapi.dll
0x00007fff13160000 - 0x00007fff132bd000 	C:\WINDOWS\System32\CRYPT32.dll
0x00007fff12640000 - 0x00007fff12667000 	C:\WINDOWS\SYSTEM32\ncrypt.dll
0x00007fff12600000 - 0x00007fff1263b000 	C:\WINDOWS\SYSTEM32\NTASN1.dll
0x00007fff11df0000 - 0x00007fff11e23000 	C:\WINDOWS\SYSTEM32\ntmarta.dll

JVMTI agents:
c:\Users\Admin\.vscode\extensions\redhat.java-1.55.2026041708-win32-x64\lombok\lombok-1.18.39-4050.jar path:c:\Users\Admin\.vscode\extensions\redhat.java-1.55.2026041708-win32-x64\jre\21.0.10-win32-x86_64\bin\instrument.dll, loaded, initialized, instrumentlib options:none

dbghelp: loaded successfully - version: 4.0.5 - missing functions: none
symbol engine: initialized successfully - sym options: 0x614 - pdb path: .;c:\Users\Admin\.vscode\extensions\redhat.java-1.55.2026041708-win32-x64\jre\21.0.10-win32-x86_64\bin;C:\WINDOWS\SYSTEM32;C:\WINDOWS\WinSxS\amd64_microsoft.windows.common-controls_6595b64144ccf1df_6.0.19041.6456_none_60b8a6cb71f64256;c:\Users\Admin\.vscode\extensions\redhat.java-1.55.2026041708-win32-x64\jre\21.0.10-win32-x86_64\bin\server;C:\Users\Admin\AppData\Roaming\Code\User\globalStorage\redhat.java\1.55.2026041708\config_win\org.eclipse.equinox.launcher\org.eclipse.equinox.launcher.win32.win32.x86_64_1.3.0.v20260203-2149;C:\Users\Admin\AppData\Local\Temp\jna-63116079

VM Arguments:
jvm_args: --add-modules=ALL-SYSTEM --add-opens=java.base/java.util=ALL-UNNAMED --add-opens=java.base/java.lang=ALL-UNNAMED --add-opens=java.base/sun.nio.fs=ALL-UNNAMED -Declipse.application=org.eclipse.jdt.ls.core.id1 -Dosgi.bundles.defaultStartLevel=4 -Declipse.product=org.eclipse.jdt.ls.core.product -Djava.import.generatesMetadataFilesAtProjectRoot=false -DDetectVMInstallationsJob.disabled=true -Dfile.encoding=utf8 -XX:+UseParallelGC -XX:GCTimeRatio=4 -XX:AdaptiveSizePolicyWeight=90 -Dsun.zip.disableMemoryMapping=true -Xmx2G -Xms100m -Xlog:disable -javaagent:c:\Users\Admin\.vscode\extensions\redhat.java-1.55.2026041708-win32-x64\lombok\lombok-1.18.39-4050.jar -XX:+HeapDumpOnOutOfMemoryError -XX:HeapDumpPath=c:\Users\Admin\AppData\Roaming\Code\User\workspaceStorage\c2f678083dd9bc98477215c45f3916eb\redhat.java -Daether.dependencyCollector.impl=bf -XX:+UnlockDiagnosticVMOptions -XX:+AllowArchivingWithJavaAgent -XX:+AutoCreateSharedArchive -XX:SharedArchiveFile=c:\Users\Admin\AppData\Roaming\Code\User\globalStorage\redhat.java\1.55.2026041708\jdtls.jsa 
java_command: c:\Users\Admin\.vscode\extensions\redhat.java-1.55.2026041708-win32-x64\server\plugins\org.eclipse.equinox.launcher_1.7.100.v20251111-0406.jar -configuration c:\Users\Admin\AppData\Roaming\Code\User\globalStorage\redhat.java\1.55.2026041708\config_win -data c:\Users\Admin\AppData\Roaming\Code\User\workspaceStorage\c2f678083dd9bc98477215c45f3916eb\redhat.java\jdt_ws --pipe=\\.\pipe\lsp-b314b42bfcddc47ab830dbf6e9e35a95-sock
java_class_path (initial): c:\Users\Admin\.vscode\extensions\redhat.java-1.55.2026041708-win32-x64\server\plugins\org.eclipse.equinox.launcher_1.7.100.v20251111-0406.jar
Launcher Type: SUN_STANDARD

[Global flags]
    uintx AdaptiveSizePolicyWeight                 = 90                                        {product} {command line}
     bool AllowArchivingWithJavaAgent              = true                             {JVMCI diagnostic} {command line}
     bool AutoCreateSharedArchive                  = false                               {JVMCI product} {command line}
     intx CICompilerCount                          = 4                                         {product} {ergonomic}
    uintx GCTimeRatio                              = 4                                         {product} {command line}
     bool HeapDumpOnOutOfMemoryError               = true                                   {manageable} {command line}
    ccstr HeapDumpPath                             = c:\Users\Admin\AppData\Roaming\Code\User\workspaceStorage\c2f678083dd9bc98477215c45f3916eb\redhat.java         {manageable} {command line}
   size_t InitialHeapSize                          = 104857600                                 {product} {command line}
   size_t MaxHeapSize                              = 2147483648                                {product} {command line}
   size_t MaxNewSize                               = 715653120                                 {product} {ergonomic}
   size_t MinHeapDeltaBytes                        = 524288                                    {product} {ergonomic}
   size_t MinHeapSize                              = 104857600                                 {product} {command line}
   size_t NewSize                                  = 34603008                                  {product} {ergonomic}
    uintx NonNMethodCodeHeapSize                   = 5839372                                {pd product} {ergonomic}
    uintx NonProfiledCodeHeapSize                  = 122909434                              {pd product} {ergonomic}
   size_t OldSize                                  = 70254592                                  {product} {ergonomic}
    uintx ProfiledCodeHeapSize                     = 122909434                              {pd product} {ergonomic}
    uintx ReservedCodeCacheSize                    = 251658240                              {pd product} {ergonomic}
     bool SegmentedCodeCache                       = true                                      {product} {ergonomic}
    ccstr SharedArchiveFile                        = c:\Users\Admin\AppData\Roaming\Code\User\globalStorage\redhat.java\1.55.2026041708\jdtls.jsa      {JVMCI product} {command line}
   size_t SoftMaxHeapSize                          = 2147483648                             {manageable} {ergonomic}
     bool UnlockDiagnosticVMOptions                = true                                   {diagnostic} {command line}
     bool UseCompressedOops                        = true                           {product lp64_product} {ergonomic}
     bool UseLargePagesIndividualAllocation        = false                                  {pd product} {ergonomic}
     bool UseParallelGC                            = true                                      {product} {command line}

Logging:
Log output configuration:
 #0: stdout all=off uptime,level,tags foldmultilines=false
 #1: stderr all=off uptime,level,tags foldmultilines=false

Release file:
JAVA_VERSION="21.0.10" 
MODULES="java.base java.compiler java.datatransfer java.xml java.prefs java.desktop java.instrument java.logging java.management java.security.sasl java.naming java.rmi java.management.rmi java.net.http java.scripting java.security.jgss java.transaction.xa java.sql java.sql.rowset java.xml.crypto java.se java.smartcardio jdk.accessibility jdk.internal.jvmstat jdk.attach jdk.charsets jdk.internal.opt jdk.zipfs jdk.compiler jdk.crypto.ec jdk.crypto.cryptoki jdk.crypto.mscapi jdk.dynalink jdk.internal.ed jdk.editpad jdk.hotspot.agent jdk.httpserver jdk.internal.le jdk.internal.vm.ci jdk.internal.vm.compiler jdk.internal.vm.compiler.management jdk.jartool jdk.javadoc jdk.jcmd jdk.management jdk.management.agent jdk.jconsole jdk.jdeps jdk.jdwp.agent jdk.jdi jdk.jfr jdk.jshell jdk.jsobject jdk.jstatd jdk.localedata jdk.management.jfr jdk.naming.dns jdk.naming.rmi jdk.net jdk.nio.mapmode jdk.random jdk.sctp jdk.security.auth jdk.security.jgss jdk.unsupported jdk.unsupported.desktop jdk.xml.dom" 

Environment Variables:
JAVA_HOME=C:\Program Files\Java\jdk-21
PATH=C:\Users\Admin\AppData\Local\Programs\Microsoft VS Code;C:\Program Files\Common Files\Oracle\Java\javapath;C:\WINDOWS\system32;C:\WINDOWS;C:\WINDOWS\System32\Wbem;C:\WINDOWS\System32\WindowsPowerShell\v1.0\;C:\WINDOWS\System32\OpenSSH\;C:\Program Files\PostgreSQL\15\bin;C:\Program Files\Git\cmd;C:\Program Files\nodejs\;C:\Program Files (x86)\Microsoft SQL Server\160\Tools\Binn\;C:\Program Files\Microsoft SQL Server\160\Tools\Binn\;C:\Program Files\Microsoft SQL Server\Client SDK\ODBC\170\Tools\Binn\;C:\Program Files\Microsoft SQL Server\160\DTS\Binn\;C:\apache-maven-3.9.9\bin;C:\Program Files\Java\jdk-21\bin;;C:\xampp\php;C:\ProgramData\ComposerSetup\bin;C:\Program Files\Docker\Docker\resources\bin;C:\Program Files (x86)\Microsoft SQL Server\160\DTS\Binn\;C:\Users\Admin\AppData\Local\Programs\Python\Python313\Scripts\;C:\Users\Admin\AppData\Local\Programs\Python\Python313\;C:\Users\Admin\AppData\Local\Programs\Python\Python310\Scripts\;C:\Users\Admin\AppData\Local\Programs\Python\Python310\;C:\Users\Admin\AppData\Local\Microsoft\WindowsApps;;C:\Program Files\JetBrains\IntelliJ IDEA 2023.2.2\bin;;C:\Users\Admin\AppData\Roaming\npm;C:\Users\Admin\AppData\Local\Programs\Microsoft VS Code\bin;C:\Users\Admin\AppData\Roaming\Composer\vendor\bin
USERNAME=Admin
OS=Windows_NT
PROCESSOR_IDENTIFIER=Intel64 Family 6 Model 142 Stepping 12, GenuineIntel
TMP=C:\Users\Admin\AppData\Local\Temp
TEMP=C:\Users\Admin\AppData\Local\Temp




Periodic native trim disabled

---------------  S Y S T E M  ---------------

OS:
 Windows 10 , 64 bit Build 19041 (10.0.19041.5915)
OS uptime: 6 days 5:09 hours
Hyper-V role detected

CPU: total 8 (initial active 8) (4 cores per cpu, 2 threads per core) family 6 model 142 stepping 12 microcode 0xf8, cx8, cmov, fxsr, ht, mmx, 3dnowpref, sse, sse2, sse3, ssse3, sse4.1, sse4.2, popcnt, lzcnt, tsc, tscinvbit, avx, avx2, aes, erms, clmul, bmi1, bmi2, adx, fma, vzeroupper, clflush, clflushopt, hv, rdtscp, f16c
Processor Information for the first 8 processors :
  Max Mhz: 2304, Current Mhz: 1803, Mhz Limit: 1797

Memory: 4k page, system-wide physical 8039M (352M free)
TotalPageFile size 22108M (AvailPageFile size 0M)
current process WorkingSet (physical memory assigned to process): 10M, peak: 451M
current process commit charge ("private bytes"): 526M, peak: 560M

vm_info: OpenJDK 64-Bit Server VM (21.0.10+7-LTS) for windows-amd64 JRE (21.0.10+7-LTS), built on 2026-01-20T00:00:00Z by "admin" with MS VC++ 17.12 (VS2022)

END.
